F0000 len 00008000 (32 KiB): DRAM
[0;32mI (238) heap_init: At 600FE1ï¿½ESP-ROM:esp32s3-20210327[0m
Build:Mar 27 2021
rst:0x1 (POWERON),boot:0x8 (SPI_FAST_FLASH_BOOT)
SPIWP:0xee
mode:DIO, clock div:1
load:0x3fce2810,len:0x15a0
load:0x403c8700,len:0x4
load:0x403c8704,len:0xd20
load:0x403cb700,len:0x2f00
entry 0x403c8928
[0;32mI (27) boot: ESP-IDF v5.4.1-dirty 2nd stage bootloader[0m
[0;32mI (27) boot: compile time May 21 2025 07:02:07[0m
[0;32mI (27) boot: Multicore bootloader[0m
[0;32mI (28) boot: chip revision: v0.2[0m
[0;32mI (30) boot: efuse block revision: v1.3[0m
[0;32mI (34) boot.esp32s3: Boot SPI Speed : 80MHz[0m
[0;32mI (38) boot.esp32s3: SPI Mode       : DIO[0m
[0;32mI (42) boot.esp32s3: SPI Flash Size : 2MB[0m
[0;32mI (45) boot: Enabling RNG early entropy source...[0m
[0;32mI (50) boot: Partition Table:[0m
[0;32mI (52) boot: ## Label            Usage          Type ST Offset   Length[0m
[0;32mI (59) boot:  0 nvs              WiFi data        01 02 00009000 00006000[0m
[0;32mI (65) boot:  1 phy_init         RF data          01 01 0000f000 00001000[0m
[0;32mI (72) boot:  2 factory          factory app      00 00 00010000 00100000[0m
[0;32mI (78) boot: End of partition table[0m
[0;32mI (82) esp_image: segment 0: paddr=00010020 vaddr=3c030020 size=0da40h ( 55872) map[0m
[0;32mI (99) esp_image: segment 1: paddr=0001da68 vaddr=3fc92600 size=025b0h (  9648) load[0m
[0;32mI (101) esp_image: segment 2: paddr=00020020 vaddr=42000020 size=29d20h (171296) map[0m
[0;32mI (134) esp_image: segment 3: paddr=00049d48 vaddr=3fc94bb0 size=00598h (  1432) load[0m
[0;32mI (135) esp_image: segment 4: paddr=0004a2e8 vaddr=40374000 size=0e570h ( 58736) load[0m
[0;32mI (151) esp_image: segment 5: paddr=00058860 vaddr=600fe100 size=0001ch (    28) load[0m
[0;32mI (157) boot: Loaded app from partition at offset 0x10000[0m
[0;32mI (157) boot: Disabling RNG early entropy source...[0m
[0;32mI (168) cpu_start: Multicore app[0m
[0;32mI (177) cpu_start: Pro cpu start user code[0m
[0;32mI (178) cpu_start: cpu freq: 160000000 Hz[0m
[0;32mI (178) app_init: Application information:[0m
[0;32mI (178) app_init: Project name:     005_sd_mmc[0m
[0;32mI (182) app_init: App version:      d8ceff3-dirty[0m
[0;32mI (186) app_init: Compile time:     May 21 2025 07:02:00[0m
[0;32mI (191) app_init: ELF file SHA256:  3c7785886...[0m
[0;32mI (196) app_init: ESP-IDF:          v5.4.1-dirty[0m
[0;32mI (200) efuse_init: Min chip rev:     v0.0[0m
[0;32mI (204) efuse_init: Max chip rev:     v0.99 [0m
[0;32mI (208) efuse_init: Chip rev:         v0.2[0m
[0;32mI (212) heap_init: Initializing. RAM available for dynamic allocation:[0m
[0;32mI (218) heap_init: At 3FC95AA0 len 00053C70 (335 KiB): RAM[0m
[0;32mI (223) heap_init: At 3FCE9710 len 00005724 (21 KiB): RAM[0m
[0;32mI (228) heap_init: At 3FCF0000 len 00008000 (32 KiB): DRAM[0m
[0;32mI (233) heap_init: At 600FE11C len 00001ECC (7 KiB): RTCRAM[0m
[0;32mI (240) spi_flash: detected chip: generic[0m
[0;32mI (242) spi_flash: flash io: dio[0m
[0;33mW (245) spi_flash: Detected size(16384k) larger than the size in the binary image header(2048k). Using the size in the binary image header.[0m
[0;32mI (258) sleep_gpio: Configure to isolate all GPIO pins in sleep state[0m
[0;32mI (264) sleep_gpio: Enable automatic switching of GPIO sleep configuration[0m
[0;32mI (271) main_task: Started on CPU0[0m
[0;32mI (291) main_task: Calling app_main()[0m
[0;32mI (291) SD_MMC: Initializing SD card[0m
[0;32mI (291) SD_MMC: Using SDMMC peripheral[0m
[0;32mI (291) SD_MMC: Mounting filesystem[0m
Guru Meditation Error: Core  0 panic'ed (LoadProhibited). Exception was unhandled.

Core  0 register dump:
PC      : 0x42003eae  PS      : 0x00060f33  A0      : 0x82003fbd  A1      : 0x3fc97900  
A2      : 0x3fc97510  A3      : 0x00000000  A4      : 0x0000000c  A5      : 0x3fc9792c  
A6      : 0x3c035554  A7      : 0x00000000  A8      : 0xffffffd2  A9      : 0xa5a5a5a5  
A10     : 0x0000001e  A11     : 0x00000008  A12     : 0x00000804  A13     : 0x00000080  
A14     : 0x00000000  A15     : 0x3fc96190  SAR     : 0x00000019  EXCCAUSE: 0x0000001c  
EXCVADDR: 0xa5a5a5a5  LBEG    : 0x400570e8  LEND    : 0x400570f3  LCOUNT  : 0xffffffff  


Backtrace: 0x42003eab:0x3fc97900 0x42003fba:0x3fc97920 0x420041dc:0x3fc97970 0x4200441d:0x3fc979c0 0x42015ace:0x3fc979f0 0x4200a5a3:0x3fc97a20 0x4200a189:0x3fc97a60 0x4200a237:0x3fc97b30 0x4200a057:0x3fc98360 0x420295fb:0x3fc98380 0x4037a6cd:0x3fc983b0




ELF file SHA256: 3c7785886

Rebooting...
ï¿½ï¿½ï¿½ESP-ROM:esp32s3-20210327
Build:Mar 27 2021
rst:0xc (RTC_SW_CPU_RST),boot:0x8 (SPI_FAST_FLASH_BOOT)
Saved PC:0x403759b4
SPIWP:0xee
mode:DIO, clock div:1
load:0x3fce2810,len:0x15a0
load:0x403c8700,len:0x4
load:0x403c8704,len:0xd20
load:0x403cb700,len:0x2f00
entry 0x403c8928
[0;32mI (31) boot: ESP-IDF v5.4.1-dirty 2nd stage bootloader[0m
[0;32mI (31) boot: compile time May 21 2025 07:02:07[0m
[0;32mI (31) boot: Multicore bootloader[0m
[0;32mI (32) boot: chip revision: v0.2[0m
[0;32mI (35) boot: efuse block revision: v1.3[0m
[0;32mI (38) boot.esp32s3: Boot SPI Speed : 80MHz[0m
[0;32mI (42) boot.esp32s3: SPI Mode       : DIO[0m
[0;32mI (46) boot.esp32s3: SPI Flash Size : 2MB[0m
[0;32mI (50) boot: Enabling RNG early entropy source...[0m
[0;32mI (54) boot: Partition Table:[0m
[0;32mI (57) boot: ## Label            Usage          Type ST Offset   Length[0m
[0;32mI (63) boot:  0 nvs              WiFi data        01 02 00009000 00006000[0m
[0;32mI (70) boot:  1 phy_init         RF data          01 01 0000f000 00001000[0m
[0;32mI (76) boot:  2 factory          factory app      00 00 00010000 00100000[0m
[0;32mI (83) boot: End of partition table[0m
[0;32mI (86) esp_image: segment 0: paddr=00010020 vaddr=3c030020 size=0da40h ( 55872) map[0m
[0;32mI (103) esp_image: segment 1: paddr=0001da68 vaddr=3fc92600 size=025b0h (  9648) load[0m
[0;32mI (106) esp_image: segment 2: paddr=00020020 vaddr=42000020 size=29d20h (171296) map[0m
[0;32mI (139) esp_image: segment 3: paddr=00049d48 vaddr=3fc94bb0 size=00598h (  1432) load[0m
[0;32mI (139) esp_image: segment 4: paddr=0004a2e8 vaddr=40374000 size=0e570h ( 58736) load[0m
[0;32mI (155) esp_image: segment 5: paddr=00058860 vaddr=600fe100 size=0001ch (    28) load[0m
[0;32mI (161) boot: Loaded app from partition at offset 0x10000[0m
[0;32mI (161) boot: Disabling RNG early entropy source...[0m
[0;32mI (173) cpu_start: Multicore app[0m
[0;32mI (182) cpu_start: Pro cpu start user code[0m
[0;32mI (182) cpu_start: cpu freq: 160000000 Hz[0m
[0;32mI (182) app_init: Application information:[0m
[0;32mI (182) app_init: Project name:     005_sd_mmc[0m
[0;32mI (186) app_init: App version:      d8ceff3-dirty[0m
[0;32mI (191) app_init: Compile time:     May 21 2025 07:02:00[0m
[0;32mI (196) app_init: ELF file SHA256:  3c7785886...[0m
[0;32mI (200) app_init: ESP-IDF:          v5.4.1-dirty[0m
[0;32mI (204) efuse_init: Min chip rev:     v0.0[0m
[0;32mI (208) efuse_init: Max chip rev:     v0.99 [0m
[0;32mI (212) efuse_init: Chip rev:         v0.2[0m
[0;32mI (216) heap_init: Initializing. RAM available for dynamic allocation:[0m
[0;32mI (222) heap_init: At 3FC95AA0 len 00053C70 (335 KiB): RAM[0m
[0;32mI (227) heap_init: At 3FCE9710 len 00005724 (21 KiB): RAM[0m
[0;32mI (233) heap_init: At 3FCF0000 len 00008000 (32 KiB): DRAM[0m
[0;32mI (238) heap_init: At 600FE11C len 00001ECC (7 KiB): RTCRAM[0m
[0;32mI (244) spi_flash: detected chip: generic[0m
[0;32mI (247) spi_flash: flash io: dio[0m
[0;33mW (250) spi_flash: Detected size(16384k) larger than the size in the binary image header(2048k). Using the size in the binary image header.[0m
[0;32mI (262) sleep_gpio: Configure to isolate all GPIO pins in sleep state[0m
[0;32mI (268) sleep_gpio: Enable automatic switching of GPIO sleep configuration[0m
[0;32mI (275) main_task: Started on CPU0[0m
[0;32mI (295) main_task: Calling app_main()[0m
[0;32mI (295) SD_MMC: Initializing SD card[0m
[0;32mI (295) SD_MMC: Using SDMMC peripheral[0m
[0;32mI (295) SD_MMC: Mounting filesystem[0m
Guru Meditation Error: Core  0 panic'ed (LoadProhibited). Exception was unhandled.

Core  0 register dump:
PC      : 0x42003eae  PS      : 0x00060f33  A0      : 0x82003fbd  A1      : 0x3fc97900  
A2      : 0x3fc97510  A3      : 0x00000000  A4      : 0x0000000c  A5      : 0x3fc9792c  
A6      : 0x3c035554  A7      : 0x00000000  A8      : 0xffffffd2  A9      : 0xa5a5a5a5  
A10     : 0x0000001e  A11     : 0x00000008  A12     : 0x00000804  A13     : 0x00000080  
A14     : 0x00000000  A15     : 0x3fc96190  SAR     : 0x00000019  EXCCAUSE: 0x0000001c  
EXCVADDR: 0xa5a5a5a5  LBEG    : 0x400570e8  LEND    : 0x400570f3  LCOUNT  : 0xffffffff  


Backtrace: 0x42003eab:0x3fc97900 0x42003fba:0x3fc97920 0x420041dc:0x3fc97970 0x4200441d:0x3fc979c0 0x42015ace:0x3fc979f0 0x4200a5a3:0x3fc97a20 0x4200a189:0x3fc97a60 0x4200a237:0x3fc97b30 0x4200a057:0x3fc98360 0x420295fb:0x3fc98380 0x4037a6cd:0x3fc983b0




ELF file SHA256: 3c7785886

Rebooting...
ESP-ROM:esp32s3-20210327
Build:Mar 27 2021
rst:0xc (RTC_SW_CPU_RST),boot:0x8 (SPI_FAST_FLASH_BOOT)
Saved PC:0x403759b4
SPIWP:0xee
mode:DIO, clock div:1
load:0x3fce2810,len:0x15a0
load:0x403c8700,len:0x4
load:0x403c8704,len:0xd20
load:0x403cb700,len:0x2f00
entry 0x403c8928
[0;32mI (31) boot: ESP-IDF v5.4.1-dirty 2nd stage bootloader[0m
[0;32mI (31) boot: compile time May 21 2025 07:02:07[0m
[0;32mI (31) boot: Multicore bootloader[0m
[0;32mI (32) boot: chip revision: v0.2[0m
[0;32mI (35) boot: efuse block revision: v1.3[0m
[0;32mI (38) boot.esp32s3: Boot SPI Speed : 80MHz[0m
[0;32mI (42) boot.esp32s3: SPI Mode       : DIO[0m
[0;32mI (46) boot.esp32s3: SPI Flash Size : 2MB[0m
[0;32mI (50) boot: Enabling RNG early entropy source...[0m
[0;32mI (54) boot: Partition Table:[0m
[0;32mI (57) boot: ## Label            Usage          Type ST Offset   Length[0m
[0;32mI (63) boot:  0 nvs              WiFi data        01 02 00009000 00006000[0m
[0;32mI (70) boot:  1 phy_init         RF data          01 01 0000f000 00001000[0m
[0;32mI (76) boot:  2 factory          factory app      00 00 00010000 00100000[0m
[0;32mI (83) boot: End of partition table[0m
[0;32mI (86) esp_image: segment 0: paddr=00010020 vaddr=3c030020 size=0da40h ( 55872) map[0m
[0;32mI (103) esp_image: segment 1: paddr=0001da68 vaddr=3fc92600 size=025b0h (  9648) load[0m
[0;32mI (106) esp_image: segment 2: paddr=00020020 vaddr=42000020 size=29d20h (171296) map[0m
[0;32mI (139) esp_image: segment 3: paddr=00049d48 vaddr=3fc94bb0 size=00598h (  1432) load[0m
[0;32mI (139) esp_image: segment 4: paddr=0004a2e8 vaddr=40374000 size=0e570h ( 58736) load[0m
[0;32mI (155) esp_image: segment 5: paddr=00058860 vaddr=600fe100 size=0001ch (    28) load[0m
[0;32mI (161) boot: Loaded app from partition at offset 0x10000[0m
[0;32mI (161) boot: Disabling RNG early entropy source...[0m
[0;32mI (173) cpu_start: Multicore app[0m
[0;32mI (182) cpu_start: Pro cpu start user code[0m
[0;32mI (182) cpu_start: cpu freq: 160000000 Hz[0m
[0;32mI (182) app_init: Application information:[0m
[0;32mI (182) app_init: Project name:     005_sd_mmc[0m
[0;32mI (186) app_init: App version:      d8ceff3-dirty[0m
[0;32mI (191) app_init: Compile time:     May 21 2025 07:02:00[0m
[0;32mI (196) app_init: ELF file SHA256:  3c7785886...[0m
[0;32mI (200) app_init: ESP-IDF:          v5.4.1-dirty[0m
[0;32mI (204) efuse_init: Min chip rev:     v0.0[0m
[0;32mI (208) efuse_init: Max chip rev:     v0.99 [0m
[0;32mI (212) efuse_init: Chip rev:         v0.2[0m
[0;32mI (216) heap_init: Initializing. RAM available for dynamic allocation:[0m
[0;32mI (222) heap_init: At 3FC95AA0 len 00053C70 (335 KiB): RAM[0m
[0;32mI (227) heap_init: At 3FCE9710 len 00005724 (21 KiB): RAM[0m
[0;32mI (233) heap_init: At 3FCF0000 len 00008000 (32 KiB): DRAM[0m
[0;32mI (238) heap_init: At 600FE11C len 00001ECC (7 KiB): RTCRAM[0m
[0;32mI (244) spi_flash: detected chip: generic[0m
[0;32mI (247) spi_flash: flash io: dio[0m
[0;33mW (250) spi_flash: Detected size(16384k) larger than the size in the binary image header(2048k). Using the size in the binary image header.[0m
[0;32mI (262) sleep_gpio: Configure to isolate all GPIO pins in sleep state[0m
[0;32mI (268) sleep_gpio: Enable automatic switching of GPIO sleep configuration[0m
[0;32mI (275) main_task: Started on CPU0[0m
[0;32mI (295) main_task: Calling app_main()[0m
[0;32mI (295) SD_MMC: Initializing SD card[0m
[0;32mI (295) SD_MMC: Using SDMMC peripheral[0m
[0;32mI (295) SD_MMC: Mounting filesystem[0m
Guru Meditation Error: Core  0 panic'ed (LoadProhibited). Exception was unhandled.

Core  0 register dump:
PC      : 0x42003eae  PS      : 0x00060f33  A0      : 0x82003fbd  A1      : 0x3fc97900  
A2      : 0x3fc97510  A3      : 0x00000000  A4      : 0x0000000c  A5      : 0x3fc9792c  
A6      : 0x3c035554  A7      : 0x00000000  A8      : 0xffffffd2  A9      : 0xa5a5a5a5  
A10     : 0x0000001e  A11     : 0x00000008  A12     : 0x00000804  A13     : 0x00000080  
A14     : 0x00000000  A15     : 0x3fc96190  SAR     : 0x00000019  EXCCAUSE: 0x0000001c  
EXCVADDR: 0xa5a5a5a5  LBEG    : 0x400570e8  LEND    : 0x400570f3  LCOUNT  : 0xffffffff  


Backtrace: 0x42003eab:0x3fc97900 0x42003fba:0x3fc97920 0x420041dc:0x3fc97970 0x4200441d:0x3fc979c0 0x42015ace:0x3fc979f0 0x4200a5a3:0x3fc97a20 0x4200a189:0x3fc97a60 0x4200a237:0x3fc97b30 0x4200a057:0x3fc98360 0x420295fb:0x3fc98380 0x4037a6cd:0x3fc983b0




ELF file SHA256: 3c7785886

Rebooting...
ESP-ROM:esp32s3-20210327
Build:Mar 27 2021
rst:0xc (RTC_SW_CPU_RST),boot:0x8 (SPI_FAST_FLASH_BOOT)
Saved PC:0x403759b4
SPIWP:0xee
mode:DIO, clock div:1
load:0x3fce2810,len:0x15a0
load:0x403c8700,len:0x4
load:0x403c8704,len:0xd20
load:0x403cb700,len:0x2f00
entry 0x403c8928
[0;32mI (31) boot: ESP-IDF v5.4.1-dirty 2nd stage bootloader[0m
[0;32mI (31) boot: compile time May 21 2025 07:02:07[0m
[0;32mI (31) boot: Multicore bootloader[0m
[0;32mI (32) boot: chip revision: v0.2[0m
[0;32mI (35) boot: efuse block revision: v1.3[0m
[0;32mI (38) boot.esp32s3: Boot SPI Speed : 80MHz[0m
[0;32mI (42) boot.esp32s3: SPI Mode       : DIO[0m
[0;32mI (46) boot.esp32s3: SPI Flash Size : 2MB[0m
[0;32mI (50) boot: Enabling RNG early entropy source...[0m
[0;32mI (54) boot: Partition Table:[0m
[0;32mI (57) boot: ## Label            Usage          Type ST Offset   Length[0m
[0;32mI (63) boot:  0 nvs              WiFi data        01 02 00009000 00006000[0m
[0;32mI (70) boot:  1 phy_init         RF data          01 01 0000f000 00001000[0m
[0;32mI (76) boot:  2 factory          factory app      00 00 00010000 00100000[0m
[0;32mI (83) boot: End of partition table[0m
[0;32mI (86) esp_image: segment 0: paddr=00010020 vaddr=3c030020 size=0da40h ( 55872) map[0m
[0;32mI (103) esp_image: segment 1: paddr=0001da68 vaddr=3fc92600 size=025b0h (  9648) load[0m
[0;32mI (106) esp_image: segment 2: paddr=00020020 vaddr=42000020 size=29d20h (171296) map[0m
[0;32mI (139) esp_image: segment 3: paddr=00049d48 vaddr=3fc94bb0 size=00598h (  1432) load[0m
[0;32mI (139) esp_image: segment 4: paddr=0004a2e8 vaddr=40374000 size=0e570h ( 58736) load[0m
[0;32mI (155) esp_image: segment 5: paddr=00058860 vaddr=600fe100 size=0001ch (    28) load[0m
[0;32mI (161) boot: Loaded app from partition at offset 0x10000[0m
[0;32mI (161) boot: Disabling RNG early entropy source...[0m
[0;32mI (173) cpu_start: Multicore app[0m
[0;32mI (182) cpu_start: Pro cpu start user code[0m
[0;32mI (182) cpu_start: cpu freq: 160000000 Hz[0m
[0;32mI (182) app_init: Application information:[0m
[0;32mI (182) app_init: Project name:     005_sd_mmc[0m
[0;32mI (186) app_init: App version:      d8ceff3-dirty[0m
[0;32mI (191) app_init: Compile time:     May 21 2025 07:02:00[0m
[0;32mI (196) app_init: ELF file SHA256:  3c7785886...[0m
[0;32mI (200) app_init: ESP-IDF:          v5.4.1-dirty[0m
[0;32mI (204) efuse_init: Min chip rev:     v0.0[0m
[0;32mI (208) efuse_init: Max chip rev:     v0.99 [0m
[0;32mI (212) efuse_init: Chip rev:         v0.2[0m
[0;32mI (216) heap_init: Initializing. RAM available for dynamic allocation:[0m
[0;32mI (222) heap_init: At 3FC95AA0 len 00053C70 (335 KiB): RAM[0m
[0;32mI (227) heap_init: At 3FCE9710 len 00005724 (21 KiB): RAM[0m
[0;32mI (233) heap_init: At 3FCF0000 len 00008000 (32 KiB): DRAM[0m
[0;32mI (238) heap_init: At 600FE11C len 00001ECC (7 KiB): RTCRAM[0m
[0;32mI (244) spi_flash: detected chip: generic[0m
[0;32mI (247) spi_flash: flash io: dio[0m
[0;33mW (250) spi_flash: Detected size(16384k) larger than the size in the binary image header(2048k). Using the size in the binary image header.[0m
[0;32mI (262) sleep_gpio: Configure to isolate all GPIO pins in sleep state[0m
[0;32mI (268) sleep_gpio: Enable automatic switching of GPIO sleep configuration[0m
[0;32mI (275) main_task: Started on CPU0[0m
[0;32mI (295) main_task: Calling app_main()[0m
[0;32mI (295) SD_MMC: Initializing SD card[0m
[0;32mI (295) SD_MMC: Using SDMMC peripheral[0m
[0;32mI (295) SD_MMC: Mounting filesystem[0m
Guru Meditation Error: Core  0 panic'ed (LoadProhibited). Exception was unhandled.

Core  0 register dump:
PC      : 0x42003eae  PS      : 0x00060f33  A0      : 0x82003fbd  A1      : 0x3fc97900  
A2      : 0x3fc97510  A3      : 0x00000000  A4      : 0x0000000c  A5      : 0x3fc9792c  
A6      : 0x3c035554  A7      : 0x00000000  A8      : 0xffffffd2  A9      : 0xa5a5a5a5  
A10     : 0x0000001e  A11     : 0x00000008  A12     : 0x00000804  A13     : 0x00000080  
A14     : 0x00000000  A15     : 0x3fc96190  SAR     : 0x00000019  EXCCAUSE: 0x0000001c  
EXCVADDR: 0xa5a5a5a5  LBEG    : 0x400570e8  LEND    : 0x400570f3  LCOUNT  : 0xffffffff  


Backtrace: 0x42003eab:0x3fc97900 0x42003fba:0x3fc97920 0x420041dc:0x3fc97970 0x4200441d:0x3fc979c0 0x42015ace:0x3fc979f0 0x4200a5a3:0x3fc97a20 0x4200a189:0x3fc97a60 0x4200a237:0x3fc97b30 0x4200a057:0x3fc98360 0x420295fb:0x3fc98380 0x4037a6cd:0x3fc983b0




ELF file SHA256: 3c7785886

Rebooting...
ESP-ROM:esp32s3-20210327
Build:Mar 27 2021
rst:0xc (RTC_SW_CPU_RST),boot:0x8 (SPI_FAST_FLASH_BOOT)
Saved PC:0x403759b4
SPIWP:0xee
mode:DIO, clock div:1
load:0x3fce2810,len:0x15a0
load:0x403c8700,len:0x4
load:0x403c8704,len:0xd20
load:0x403cb700,len:0x2f00
entry 0x403c8928
[0;32mI (31) boot: ESP-IDF v5.4.1-dirty 2nd stage bootloader[0m
[0;32mI (31) boot: compile time May 21 2025 07:02:07[0m
[0;32mI (31) boot: Multicore bootloader[0m
[0;32mI (32) boot: chip revision: v0.2[0m
[0;32mI (35) boot: efuse block revision: v1.3[0m
[0;32mI (38) boot.esp32s3: Boot SPI Speed : 80MHz[0m
[0;32mI (42) boot.esp32s3: SPI Mode       : DIO[0m
[0;32mI (46) boot.esp32s3: SPI Flash Size : 2MB[0m
[0;32mI (50) boot: Enabling RNG early entropy source...[0m
[0;32mI (54) boot: Partition Table:[0m
[0;32mI (57) boot: ## Label            Usage          Type ST Offset   Length[0m
[0;32mI (63) boot:  0 nvs              WiFi data        01 02 00009000 00006000[0m
[0;32mI (70) boot:  1 phy_init         RF data          01 01 0000f000 00001000[0m
[0;32mI (76) boot:  2 factory          factory app      00 00 00010000 00100000[0m
[0;32mI (83) boot: End of partition table[0m
[0;32mI (86) esp_image: segment 0: paddr=00010020 vaddr=3c030020 size=0da40h ( 55872) map[0m
[0;32mI (103) esp_image: segment 1: paddr=0001da68 vaddr=3fc92600 size=025b0h (  9648) load[0m
[0;32mI (106) esp_image: segment 2: paddr=00020020 vaddr=42000020 size=29d20h (171296) map[0m
[0;32mI (139) esp_image: segment 3: paddr=00049d48 vaddr=3fc94bb0 size=00598h (  1432) load[0m
[0;32mI (139) esp_image: segment 4: paddr=0004a2e8 vaddr=40374000 size=0e570h ( 58736) load[0m
[0;32mI (155) esp_image: segment 5: paddr=00058860 vaddr=600fe100 size=0001ch (    28) load[0m
[0;32mI (161) boot: Loaded app from partition at offset 0x10000[0m
[0;32mI (161) boot: Disabling RNG early entropy source...[0m
[0;32mI (173) cpu_start: Multicore app[0m
[0;32mI (182) cpu_start: Pro cpu start user code[0m
[0;32mI (182) cpu_start: cpu freq: 160000000 Hz[0m
[0;32mI (182) app_init: Application information:[0m
[0;32mI (182) app_init: Project name:     005_sd_mmc[0m
[0;32mI (186) app_init: App version:      d8ceff3-dirty[0m
[0;32mI (191) app_init: Compile time:     May 21 2025 07:02:00[0m
[0;32mI (196) app_init: ELF file SHA256:  3c7785886...[0m
[0;32mI (200) app_init: ESP-IDF:          v5.4.1-dirty[0m
[0;32mI (204) efuse_init: Min chip rev:     v0.0[0m
[0;32mI (208) efuse_init: Max chip rev:     v0.99 [0m
[0;32mI (212) efuse_init: Chip rev:         v0.2[0m
[0;32mI (216) heap_init: Initializing. RAM available for dynamic allocation:[0m
[0;32mI (222) heap_init: At 3FC95AA0 len 00053C70 (335 KiB): RAM[0m
[0;32mI (227) heap_init: At 3FCE9710 len 00005724 (21 KiB): RAM[0m
[0;32mI (233) heap_init: At 3FCF0000 len 00008000 (32 KiB): DRAM[0m
[0;32mI (238) heap_init: At 600FE11C len 00001ECC (7 KiB): RTCRAM[0m
[0;32mI (244) spi_flash: detected chip: generic[0m
[0;32mI (247) spi_flash: flash io: dio[0m
[0;33mW (250) spi_flash: Detected size(16384k) larger than the size in the binary image header(2048k). Using the size in the binary image header.[0m
[0;32mI (262) sleep_gpio: Configure to isolate all GPIO pins in sleep state[0m
[0;32mI (268) sleep_gpio: Enable automatic switching of GPIO sleep configuration[0m
[0;32mI (275) main_task: Started on CPU0[0m
[0;32mI (295) main_task: Calling app_main()[0m
[0;32mI (295) SD_MMC: Initializing SD card[0m
[0;32mI (295) SD_MMC: Using SDMMC peripheral[0m
[0;32mI (295) SD_MMC: Mounting filesystem[0m
Guru Meditation Error: Core  0 panic'ed (LoadProhibited). Exception was unhandled.

Core  0 register dump:
PC      : 0x42003eae  PS      : 0x00060f33  A0      : 0x82003fbd  A1      : 0x3fc97900  
A2      : 0x3fc97510  A3      : 0x00000000  A4      : 0x0000000c  A5      : 0x3fc9792c  
A6      : 0x3c035554  A7      : 0x00000000  A8      : 0xffffffd2  A9      : 0xa5a5a5a5  
A10     : 0x0000001e  A11     : 0x00000008  A12     : 0x00000804  A13     : 0x00000080  
A14     : 0x00000000  A15     : 0x3fc96190  SAR     : 0x00000019  EXCCAUSE: 0x0000001c  
EXCVADDR: 0xa5a5a5a5  LBEG    : 0x400570e8  LEND    : 0x400570f3  LCOUNT  : 0xffffffff  


Backtrace: 0x42003eab:0x3fc97900 0x42003fba:0x3fc97920 0x420041dc:0x3fc97970 0x4200441d:0x3fc979c0 0x42015ace:0x3fc979f0 0x4200a5a3:0x3fc97a20 0x4200a189:0x3fc97a60 0x4200a237:0x3fc97b30 0x4200a057:0x3fc98360 0x420295fb:0x3fc98380 0x4037a6cd:0x3fc983b0




ELF file SHA256: 3c7785886

Rebooting...
ESP-ROM:esp32s3-20210327
Build:Mar 27 2021
rst:0xc (RTC_SW_CPU_RST),boot:0x8 (SPI_FAST_FLASH_BOOT)
Saved PC:0x403759b4
SPIWP:0xee
mode:DIO, clock div:1
load:0x3fce2810,len:0x15a0
load:0x403c8700,len:0x4
load:0x403c8704,len:0xd20
load:0x403cb700,len:0x2f00
entry 0x403c8928
[0;32mI (31) boot: ESP-IDF v5.4.1-dirty 2nd stage bootloader[0m
[0;32mI (31) boot: compile time May 21 2025 07:02:07[0m
[0;32mI (31) boot: Multicore bootloader[0m
[0;32mI (32) boot: chip revision: v0.2[0m
[0;32mI (35) boot: efuse block revision: v1.3[0m
[0;32mI (38) boot.esp32s3: Boot SPI Speed : 80MHz[0m
[0;32mI (42) boot.esp32s3: SPI Mode       : DIO[0m
[0;32mI (46) boot.esp32s3: SPI Flash Size : 2MB[0m
[0;32mI (50) boot: Enabling RNG early entropy source...[0m
[0;32mI (54) boot: Partition Table:[0m
[0;32mI (57) boot: ## Label            Usage          Type ST Offset   Length[0m
[0;32mI (63) boot:  0 nvs              WiFi data        01 02 00009000 00006000[0m
[0;32mI (70) boot:  1 phy_init         RF data          01 01 0000f000 00001000[0m
[0;32mI (76) boot:  2 factory          factory app      00 00 00010000 00100000[0m
[0;32mI (83) boot: End of partition table[0m
[0;32mI (86) esp_image: segment 0: paddr=00010020 vaddr=3c030020 size=0da40h ( 55872) map[0m
[0;32mI (103) esp_image: segment 1: paddr=0001da68 vaddr=3fc92600 size=025b0h (  9648) load[0m
[0;32mI (106) esp_image: segment 2: paddr=00020020 vaddr=42000020 size=29d20h (171296) map[0m
[0;32mI (139) esp_image: segment 3: paddr=00049d48 vaddr=3fc94bb0 size=00598h (  1432) load[0m
[0;32mI (139) esp_image: segment 4: paddr=0004a2e8 vaddr=40374000 size=0e570h ( 58736) load[0m
[0;32mI (155) esp_image: segment 5: paddr=00058860 vaddr=600fe100 size=0001ch (    28) load[0m
[0;32mI (161) boot: Loaded app from partition at offset 0x10000[0m
[0;32mI (161) boot: Disabling RNG early entropy source...[0m
[0;32mI (173) cpu_start: Multicore app[0m
[0;32mI (182) cpu_start: Pro cpu start user code[0m
[0;32mI (182) cpu_start: cpu freq: 160000000 Hz[0m
[0;32mI (182) app_init: Application information:[0m
[0;32mI (182) app_init: Project name:     005_sd_mmc[0m
[0;32mI (186) app_init: App version:      d8ceff3-dirty[0m
[0;32mI (191) app_init: Compile time:     May 21 2025 07:02:00[0m
[0;32mI (196) app_init: ELF file SHA256:  3c7785886...[0m
[0;32mI (200) app_init: ESP-IDF:          v5.4.1-dirty[0m
[0;32mI (204) efuse_init: Min chip rev:     v0.0[0m
[0;32mI (208) efuse_init: Max chip rev:     v0.99 [0m
[0;32mI (212) efuse_init: Chip rev:         v0.2[0m
[0;32mI (216) heap_init: Initializing. RAM available for dynamic allocation:[0m
[0;32mI (222) heap_init: At 3FC95AA0 len 00053C70 (335 KiB): RAM[0m
[0;32mI (227) heap_init: At 3FCE9710 len 00005724 (21 KiB): RAM[0m
[0;32mI (233) heap_init: At 3FCF0000 len 00008000 (32 KiB): DRAM[0m
[0;32mI (238) heap_init: At 600FE11C len 00001ECC (7 KiB): RTCRAM[0m
[0;32mI (244) spi_flash: detected chip: generic[0m
[0;32mI (247) spi_flash: flash io: dio[0m
[0;33mW (250) spi_flash: Detected size(16384k) larger than the size in the binary image header(2048k). Using the size in the binary image header.[0m
[0;32mI (262) sleep_gpio: Configure to isolate all GPIO pins in sleep state[0m
[0;32mI (268) sleep_gpio: Enable automatic switching of GPIO sleep configuration[0m
[0;32mI (275) main_task: Started on CPU0[0m
[0;32mI (295) main_task: Calling app_main()[0m
[0;32mI (295) SD_MMC: Initializing SD card[0m
[0;32mI (295) SD_MMC: Using SDMMC peripheral[0m
[0;32mI (295) SD_MMC: Mounting filesystem[0m
Guru Meditation Error: Core  0 panic'ed (LoadProhibited). Exception was unhandled.

Core  0 register dump:
PC      : 0x42003eae  PS      : 0x00060f33  A0      : 0x82003fbd  A1      : 0x3fc97900  
A2      : 0x3fc97510  A3      : 0x00000000  A4      : 0x0000000c  A5      : 0x3fc9792c  
A6      : 0x3c035554  A7      : 0x00000000  A8      : 0xffffffd2  A9      : 0xa5a5a5a5  
A10     : 0x0000001e  A11     : 0x00000008  A12     : 0x00000804  A13     : 0x00000080  
A14     : 0x00000000  A15     : 0x3fc96190  SAR     : 0x00000019  EXCCAUSE: 0x0000001c  
EXCVADDR: 0xa5a5a5a5  LBEG    : 0x400570e8  LEND    : 0x400570f3  LCOUNT  : 0xffffffff  


Backtrace: 0x42003eab:0x3fc97900 0x42003fba:0x3fc97920 0x420041dc:0x3fc97970 0x4200441d:0x3fc979c0 0x42015ace:0x3fc979f0 0x4200a5a3:0x3fc97a20 0x4200a189:0x3fc97a60 0x4200a237:0x3fc97b30 0x4200a057:0x3fc98360 0x420295fb:0x3fc98380 0x4037a6cd:0x3fc983b0




ELF file SHA256: 3c7785886

Rebooting...
ESP-ROM:esp32s3-20210327
Build:Mar 27 2021
rst:0xc (RTC_SW_CPU_RST),boot:0x8 (SPI_FAST_FLASH_BOOT)
Saved PC:0x403759b4
SPIWP:0xee
mode:DIO, clock div:1
load:0x3fce2810,len:0x15a0
load:0x403c8700,len:0x4
load:0x403c8704,len:0xd20
load:0x403cb700,len:0x2f00
entry 0x403c8928
[0;32mI (31) boot: ESP-IDF v5.4.1-dirty 2nd stage bootloader[0m
[0;32mI (31) boot: compile time May 21 2025 07:02:07[0m
[0;32mI (31) boot: Multicore bootloader[0m
[0;32mI (32) boot: chip revision: v0.2[0m
[0;32mI (35) boot: efuse block revision: v1.3[0m
[0;32mI (38) boot.esp32s3: Boot SPI Speed : 80MHz[0m
[0;32mI (42) boot.esp32s3: SPI Mode       : DIO[0m
[0;32mI (46) boot.esp32s3: SPI Flash Size : 2MB[0m
[0;32mI (50) boot: Enabling RNG early entropy source...[0m
[0;32mI (54) boot: Partition Table:[0m
[0;32mI (57) boot: ## Label            Usage          Type ST Offset   Length[0m
[0;32mI (63) boot:  0 nvs              WiFi data        01 02 00009000 00006000[0m
[0;32mI (70) boot:  1 phy_init         RF data          01 01 0000f000 00001000[0m
[0;32mI (76) boot:  2 factory          factory app      00 00 00010000 00100000[0m
[0;32mI (83) boot: End of partition table[0m
[0;32mI (86) esp_image: segment 0: paddr=00010020 vaddr=3c030020 size=0da40h ( 55872) map[0m
[0;32mI (103) esp_image: segment 1: paddr=0001da68 vaddr=3fc92600 size=025b0h (  9648) load[0m
[0;32mI (106) esp_image: segment 2: paddr=00020020 vaddr=42000020 size=29d20h (171296) map[0m
[0;32mI (139) esp_image: segment 3: paddr=00049d48 vaddr=3fc94bb0 size=00598h (  1432) load[0m
[0;32mI (139) esp_image: segment 4: paddr=0004a2e8 vaddr=40374000 size=0e570h ( 58736) load[0m
[0;32mI (155) esp_image: segment 5: paddr=00058860 vaddr=600fe100 size=0001ch (    28) load[0m
[0;32mI (161) boot: Loaded app from partition at offset 0x10000[0m
[0;32mI (161) boot: Disabling RNG early entropy source...[0m
[0;32mI (173) cpu_start: Multicore app[0m
[0;32mI (182) cpu_start: Pro cpu start user code[0m
[0;32mI (182) cpu_start: cpu freq: 160000000 Hz[0m
[0;32mI (182) app_init: Application information:[0m
[0;32mI (182) app_init: Project name:     005_sd_mmc[0m
[0;32mI (186) app_init: App version:      d8ceff3-dirty[0m
[0;32mI (191) app_init: Compile time:     May 21 2025 07:02:00[0m
[0;32mI (196) app_init: ELF file SHA256:  3c7785886...[0m
[0;32mI (200) app_init: ESP-IDF:          v5.4.1-dirty[0m
[0;32mI (204) efuse_init: Min chip rev:     v0.0[0m
[0;32mI (208) efuse_init: Max chip rev:     v0.99 [0m
[0;32mI (212) efuse_init: Chip rev:         v0.2[0m
[0;32mI (216) heap_init: Initializing. RAM available for dynamic allocation:[0m
[0;32mI (222) heap_init: At 3FC95AA0 len 00053C70 (335 KiB): RAM[0m
[0;32mI (227) heap_init: At 3FCE9710 len 00005724 (21 KiB): RAM[0m
[0;32mI (233) heap_init: At 3FCF0000 len 00008000 (32 KiB): DRAM[0m
[0;32mI (238) heap_init: At 600FE11C len 00001ECC (7 KiB): RTCRAM[0m
[0;32mI (244) spi_flash: detected chip: generic[0m
[0;32mI (247) spi_flash: flash io: dio[0m
[0;33mW (250) spi_flash: Detected size(16384k) larger than the size in the binary image header(2048k). Using the size in the binary image header.[0m
[0;32mI (262) sleep_gpio: Configure to isolate all GPIO pins in sleep state[0m
[0;32mI (268) sleep_gpio: Enable automatic switching of GPIO sleep configuration[0m
[0;32mI (275) main_task: Started on CPU0[0m
[0;32mI (295) main_task: Calling app_main()[0m
[0;32mI (295) SD_MMC: Initializing SD card[0m
[0;32mI (295) SD_MMC: Using SDMMC peripheral[0m
[0;32mI (295) SD_MMC: Mounting filesystem[0m
Guru Meditation Error: Core  0 panic'ed (LoadProhibited). Exception was unhandled.

Core  0 register dump:
PC      : 0x42003eae  PS      : 0x00060f33  A0      : 0x82003fbd  A1      : 0x3fc97900  
A2      : 0x3fc97510  A3      : 0x00000000  A4      : 0x0000000c  A5      : 0x3fc9792c  
A6      : 0x3c035554  A7      : 0x00000000  A8      : 0xffffffd2  A9      : 0xa5a5a5a5  
A10     : 0x0000001e  A11     : 0x00000008  A12     : 0x00000804  A13     : 0x00000080  
A14     : 0x00000000  A15     : 0x3fc96190  SAR     : 0x00000019  EXCCAUSE: 0x0000001c  
EXCVADDR: 0xa5a5a5a5  LBEG    : 0x400570e8  LEND    : 0x400570f3  LCOUNT  : 0xffffffff  


Backtrace: 0x42003eab:0x3fc97900 0x42003fba:0x3fc97920 0x420041dc:0x3fc97970 0x4200441d:0x3fc979c0 0x42015ace:0x3fc979f0 0x4200a5a3:0x3fc97a20 0x4200a189:0x3fc97a60 0x4200a237:0x3fc97b30 0x4200a057:0x3fc98360 0x420295fb:0x3fc98380 0x4037a6cd:0x3fc983b0




ELF file SHA256: 3c7785886

Rebooting...
ESP-ROM:esp32s3-20210327
Build:Mar 27 2021
rst:0xc (RTC_SW_CPU_RST),boot:0x8 (SPI_FAST_FLASH_BOOT)
Saved PC:0x403759b4
SPIWP:0xee
mode:DIO, clock div:1
load:0x3fce2810,len:0x15a0
load:0x403c8700,len:0x4
load:0x403c8704,len:0xd20
load:0x403cb700,len:0x2f00
entry 0x403c8928
[0;32mI (31) boot: ESP-IDF v5.4.1-dirty 2nd stage bootloader[0m
[0;32mI (31) boot: compile time May 21 2025 07:02:07[0m
[0;32mI (31) boot: Multicore bootloader[0m
[0;32mI (32) boot: chip revision: v0.2[0m
[0;32mI (35) boot: efuse block revision: v1.3[0m
[0;32mI (38) boot.esp32s3: Boot SPI Speed : 80MHz[0m
[0;32mI (42) boot.esp32s3: SPI Mode       : DIO[0m
[0;32mI (46) boot.esp32s3: SPI Flash Size : 2MB[0m
[0;32mI (50) boot: Enabling RNG early entropy source...[0m
[0;32mI (54) boot: Partition Table:[0m
[0;32mI (57) boot: ## Label            Usage          Type ST Offset   Length[0m
[0;32mI (63) boot:  0 nvs              WiFi data        01 02 00009000 00006000[0m
[0;32mI (70) boot:  1 phy_init         RF data          01 01 0000f000 00001000[0m
[0;32mI (76) boot:  2 factory          factory app      00 00 00010000 00100000[0m
[0;32mI (83) boot: End of partition table[0m
[0;32mI (86) esp_image: segment 0: paddr=00010020 vaddr=3c030020 size=0da40h ( 55872) map[0m
[0;32mI (103) esp_image: segment 1: paddr=0001da68 vaddr=3fc92600 size=025b0h (  9648) load[0m
[0;32mI (106) esp_image: segment 2: paddr=00020020 vaddr=42000020 size=29d20h (171296) map[0m
[0;32mI (139) esp_image: segment 3: paddr=00049d48 vaddr=3fc94bb0 size=00598h (  1432) load[0m
[0;32mI (139) esp_image: segment 4: paddr=0004a2e8 vaddr=40374000 size=0e570h ( 58736) load[0m
[0;32mI (155) esp_image: segment 5: paddr=00058860 vaddr=600fe100 size=0001ch (    28) load[0m
[0;32mI (161) boot: Loaded app from partition at offset 0x10000[0m
[0;32mI (161) boot: Disabling RNG early entropy source...[0m
[0;32mI (173) cpu_start: Multicore app[0m
[0;32mI (182) cpu_start: Pro cpu start user code[0m
[0;32mI (182) cpu_start: cpu freq: 160000000 Hz[0m
[0;32mI (182) app_init: Application information:[0m
[0;32mI (182) app_init: Project name:     005_sd_mmc[0m
[0;32mI (186) app_init: App version:      d8ceff3-dirty[0m
[0;32mI (191) app_init: Compile time:     May 21 2025 07:02:00[0m
[0;32mI (196) app_init: ELF file SHA256:  3c7785886...[0m
[0;32mI (200) app_init: ESP-IDF:          v5.4.1-dirty[0m
[0;32mI (204) efuse_init: Min chip rev:     v0.0[0m
[0;32mI (208) efuse_init: Max chip rev:     v0.99 [0m
[0;32mI (212) efuse_init: Chip rev:         v0.2[0m
[0;32mI (216) heap_init: Initializing. RAM available for dynamic allocation:[0m
[0;32mI (222) heap_init: At 3FC95AA0 len 00053C70 (335 KiB): RAM[0m
[0;32mI (227) heap_init: At 3FCE9710 len 00005724 (21 KiB): RAM[0m
[0;32mI (233) heap_init: At 3FCF0000 len 00008000 (32 KiB): DRAM[0m
[0;32mI (238) heap_init: At 600FE11C len 00001ECC (7 KiB): RTCRAM[0m
[0;32mI (244) spi_flash: detected chip: generic[0m
[0;32mI (247) spi_flash: flash io: dio[0m
[0;33mW (250) spi_flash: Detected size(16384k) larger than the size in the binary image header(2048k). Using the size in the binary image header.[0m
[0;32mI (262) sleep_gpio: Configure to isolate all GPIO pins in sleep state[0m
[0;32mI (268) sleep_gpio: Enable automatic switching of GPIO sleep configuration[0m
[0;32mI (275) main_task: Started on CPU0[0m
[0;32mI (295) main_task: Calling app_main()[0m
[0;32mI (295) SD_MMC: Initializing SD card[0m
[0;32mI (295) SD_MMC: Using SDMMC peripheral[0m
[0;32mI (295) SD_MMC: Mounting filesystem[0m
Guru Meditation Error: Core  0 panic'ed (LoadProhibited). Exception was unhandled.

Core  0 register dump:
PC      : 0x42003eae  PS      : 0x00060f33  A0      : 0x82003fbd  A1      : 0x3fc97900  
A2      : 0x3fc97510  A3      : 0x00000000  A4      : 0x0000000c  A5      : 0x3fc9792c  
A6      : 0x3c035554  A7      : 0x00000000  A8      : 0xffffffd2  A9      : 0xa5a5a5a5  
A10     : 0x0000001e  A11     : 0x00000008  A12     : 0x00000804  A13     : 0x00000080  
A14     : 0x00000000  A15     : 0x3fc96190  SAR     : 0x00000019  EXCCAUSE: 0x0000001c  
EXCVADDR: 0xa5a5a5a5  LBEG    : 0x400570e8  LEND    : 0x400570f3  LCOUNT  : 0xffffffff  


Backtrace: 0x42003eab:0x3fc97900 0x42003fba:0x3fc97920 0x420041dc:0x3fc97970 0x4200441d:0x3fc979c0 0x42015ace:0x3fc979f0 0x4200a5a3:0x3fc97a20 0x4200a189:0x3fc97a60 0x4200a237:0x3fc97b30 0x4200a057:0x3fc98360 0x420295fb:0x3fc98380 0x4037a6cd:0x3fc983b0




ELF file SHA256: 3c7785886

Rebooting...
ESP-ROM:esp32s3-20210327
Build:Mar 27 2021
rst:0xc (RTC_SW_CPU_RST),boot:0x8 (SPI_FAST_FLASH_BOOT)
Saved PC:0x403759b4
SPIWP:0xee
mode:DIO, clock div:1
load:0x3fce2810,len:0x15a0
load:0x403c8700,len:0x4
load:0x403c8704,len:0xd20
load:0x403cb700,len:0x2f00
entry 0x403c8928
[0;32mI (31) boot: ESP-IDF v5.4.1-dirty 2nd stage bootloader[0m
[0;32mI (31) boot: compile time May 21 2025 07:02:07[0m
[0;32mI (31) boot: Multicore bootloader[0m
[0;32mI (32) boot: chip revision: v0.2[0m
[0;32mI (35) boot: efuse block revision: v1.3[0m
[0;32mI (38) boot.esp32s3: Boot SPI Speed : 80MHz[0m
[0;32mI (42) boot.esp32s3: SPI Mode       : DIO[0m
[0;32mI (46) boot.esp32s3: SPI Flash Size : 2MB[0m
[0;32mI (50) boot: Enabling RNG early entropy source...[0m
[0;32mI (54) boot: Partition Table:[0m
[0;32mI (57) boot: ## Label            Usage          Type ST Offset   Length[0m
[0;32mI (63) boot:  0 nvs              WiFi data        01 02 00009000 00006000[0m
[0;32mI (70) boot:  1 phy_init         RF data          01 01 0000f000 00001000[0m
[0;32mI (76) boot:  2 factory          factory app      00 00 00010000 00100000[0m
[0;32mI (83) boot: End of partition table[0m
[0;32mI (86) esp_image: segment 0: paddr=00010020 vaddr=3c030020 size=0da40h ( 55872) map[0m
[0;32mI (103) esp_image: segment 1: paddr=0001da68 vaddr=3fc92600 size=025b0h (  9648) load[0m
[0;32mI (106) esp_image: segment 2: paddr=00020020 vaddr=42000020 size=29d20h (171296) map[0m
[0;32mI (139) esp_image: segment 3: paddr=00049d48 vaddr=3fc94bb0 size=00598h (  1432) load[0m
[0;32mI (139) esp_image: segment 4: paddr=0004a2e8 vaddr=40374000 size=0e570h ( 58736) load[0m
[0;32mI (155) esp_image: segment 5: paddr=00058860 vaddr=600fe100 size=0001ch (    28) load[0m
[0;32mI (161) boot: Loaded app from partition at offset 0x10000[0m
[0;32mI (161) boot: Disabling RNG early entropy source...[0m
[0;32mI (173) cpu_start: Multicore app[0m
[0;32mI (182) cpu_start: Pro cpu start user code[0m
[0;32mI (182) cpu_start: cpu freq: 160000000 Hz[0m
[0;32mI (182) app_init: Application information:[0m
[0;32mI (182) app_init: Project name:     005_sd_mmc[0m
[0;32mI (186) app_init: App version:      d8ceff3-dirty[0m
[0;32mI (191) app_init: Compile time:     May 21 2025 07:02:00[0m
[0;32mI (196) app_init: ELF file SHA256:  3c7785886...[0m
[0;32mI (200) app_init: ESP-IDF:          v5.4.1-dirty[0m
[0;32mI (204) efuse_init: Min chip rev:     v0.0[0m
[0;32mI (208) efuse_init: Max chip rev:     v0.99 [0m
[0;32mI (212) efuse_init: Chip rev:         v0.2[0m
[0;32mI (216) heap_init: Initializing. RAM available for dynamic allocation:[0m
[0;32mI (222) heap_init: At 3FC95AA0 len 00053C70 (335 KiB): RAM[0m
[0;32mI (227) heap_init: At 3FCE9710 len 00005724 (21 KiB): RAM[0m
[0;32mI (233) heap_init: At 3FCF0000 len 00008000 (32 KiB): DRAM[0m
[0;32mI (238) heap_init: At 600FE11C len 00001ECC (7 KiB): RTCRAM[0m
[0;32mI (244) spi_flash: detected chip: generic[0m
[0;32mI (247) spi_flash: flash io: dio[0m
[0;33mW (250) spi_flash: Detected size(16384k) larger than the size in the binary image header(2048k). Using the size in the binary image header.[0m
[0;32mI (262) sleep_gpio: Configure to isolate all GPIO pins in sleep state[0m
[0;32mI (268) sleep_gpio: Enable automatic switching of GPIO sleep configuration[0m
[0;32mI (275) main_task: Started on CPU0[0m
[0;32mI (295) main_task: Calling app_main()[0m
[0;32mI (295) SD_MMC: Initializing SD card[0m
[0;32mI (295) SD_MMC: Using SDMMC peripheral[0m
[0;32mI (295) SD_MMC: Mounting filesystem[0m
Guru Meditation Error: Core  0 panic'ed (LoadProhibited). Exception was unhandled.

Core  0 register dump:
PC      : 0x42003eae  PS      : 0x00060f33  A0      : 0x82003fbd  A1      : 0x3fc97900  
A2      : 0x3fc97510  A3      : 0x00000000  A4      : 0x0000000c  A5      : 0x3fc9792c  
A6      : 0x3c035554  A7      : 0x00000000  A8      : 0xffffffd2  A9      : 0xa5a5a5a5  
A10     : 0x0000001e  A11     : 0x00000008  A12     : 0x00000804  A13     : 0x00000080  
A14     : 0x00000000  A15     : 0x3fc96190  SAR     : 0x00000019  EXCCAUSE: 0x0000001c  
EXCVADDR: 0xa5a5a5a5  LBEG    : 0x400570e8  LEND    : 0x400570f3  LCOUNT  : 0xffffffff  


Backtrace: 0x42003eab:0x3fc97900 0x42003fba:0x3fc97920 0x420041dc:0x3fc97970 0x4200441d:0x3fc979c0 0x42015ace:0x3fc979f0 0x4200a5a3:0x3fc97a20 0x4200a189:0x3fc97a60 0x4200a237:0x3fc97b30 0x4200a057:0x3fc98360 0x420295fb:0x3fc98380 0x4037a6cd:0x3fc983b0




ELF file SHA256: 3c7785886

Rebooting...
ESP-ROM:esp32s3-20210327
Build:Mar 27 2021
rst:0xc (RTC_SW_CPU_RST),boot:0x8 (SPI_FAST_FLASH_BOOT)
Saved PC:0x403759b4
SPIWP:0xee
mode:DIO, clock div:1
load:0x3fce2810,len:0x15a0
load:0x403c8700,len:0x4
load:0x403c8704,len:0xd20
load:0x403cb700,len:0x2f00
entry 0x403c8928
[0;32mI (31) boot: ESP-IDF v5.4.1-dirty 2nd stage bootloader[0m
[0;32mI (31) boot: compile time May 21 2025 07:02:07[0m
[0;32mI (31) boot: Multicore bootloader[0m
[0;32mI (32) boot: chip revision: v0.2[0m
[0;32mI (35) boot: efuse block revision: v1.3[0m
[0;32mI (38) boot.esp32s3: Boot SPI Speed : 80MHz[0m
[0;32mI (42) boot.esp32s3: SPI Mode       : DIO[0m
[0;32mI (46) boot.esp32s3: SPI Flash Size : 2MB[0m
[0;32mI (50) boot: Enabling RNG early entropy source...[0m
[0;32mI (54) boot: Partition Table:[0m
[0;32mI (57) boot: ## Label            Usage          Type ST Offset   Length[0m
[0;32mI (63) boot:  0 nvs              WiFi data        01 02 00009000 00006000[0m
[0;32mI (70) boot:  1 phy_init         RF data          01 01 0000f000 00001000[0m
[0;32mI (76) boot:  2 factory          factory app      00 00 00010000 00100000[0m
[0;32mI (83) boot: End of partition table[0m
[0;32mI (86) esp_image: segment 0: paddr=00010020 vaddr=3c030020 size=0da40h ( 55872) map[0m
[0;32mI (103) esp_image: segment 1: paddr=0001da68 vaddr=3fc92600 size=025b0h (  9648) load[0m
[0;32mI (106) esp_image: segment 2: paddr=00020020 vaddr=42000020 size=29d20h (171296) map[0m
[0;32mI (139) esp_image: segment 3: paddr=00049d48 vaddr=3fc94bb0 size=00598h (  1432) load[0m
[0;32mI (139) esp_image: segment 4: paddr=0004a2e8 vaddr=40374000 size=0e570h ( 58736) load[0m
[0;32mI (155) esp_image: segment 5: paddr=00058860 vaddr=600fe100 size=0001ch (    28) load[0m
[0;32mI (161) boot: Loaded app from partition at offset 0x10000[0m
[0;32mI (161) boot: Disabling RNG early entropy source...[0m
[0;32mI (173) cpu_start: Multicore app[0m
[0;32mI (182) cpu_start: Pro cpu start user code[0m
[0;32mI (182) cpu_start: cpu freq: 160000000 Hz[0m
[0;32mI (182) app_init: Application information:[0m
[0;32mI (182) app_init: Project name:     005_sd_mmc[0m
[0;32mI (186) app_init: App version:      d8ceff3-dirty[0m
[0;32mI (191) app_init: Compile time:     May 21 2025 07:02:00[0m
[0;32mI (196) app_init: ELF file SHA256:  3c7785886...[0m
[0;32mI (200) app_init: ESP-IDF:          v5.4.1-dirty[0m
[0;32mI (204) efuse_init: Min chip rev:     v0.0[0m
[0;32mI (208) efuse_init: Max chip rev:     v0.99 [0m
[0;32mI (212) efuse_init: Chip rev:         v0.2[0m
[0;32mI (216) heap_init: Initializing. RAM available for dynamic allocation:[0m
[0;32mI (222) heap_init: At 3FC95AA0 len 00053C70 (335 KiB): RAM[0m
[0;32mI (227) heap_init: At 3FCE9710 len 00005724 (21 KiB): RAM[0m
[0;32mI (233) heap_init: At 3FCF0000 len 00008000 (32 KiB): DRAM[0m
[0;32mI (238) heap_init: At 600FE11C len 00001ECC (7 KiB): RTCRAM[0m
[0;32mI (244) spi_flash: detected chip: generic[0m
[0;32mI (247) spi_flash: flash io: dio[0m
[0;33mW (250) spi_flash: Detected size(16384k) larger than the size in the binary image header(2048k). Using the size in the binary image header.[0m
[0;32mI (262) sleep_gpio: Configure to isolate all GPIO pins in sleep state[0m
[0;32mI (268) sleep_gpio: Enable automatic switching of GPIO sleep configuration[0m
[0;32mI (275) main_task: Started on CPU0[0m
[0;32mI (295) main_task: Calling app_main()[0m
[0;32mI (295) SD_MMC: Initializing SD card[0m
[0;32mI (295) SD_MMC: Using SDMMC peripheral[0m
[0;32mI (295) SD_MMC: Mounting filesystem[0m
Guru Meditation Error: Core  0 panic'ed (LoadProhibited). Exception was unhandled.

Core  0 register dump:
PC      : 0x42003eae  PS      : 0x00060f33  A0      : 0x82003fbd  A1      : 0x3fc97900  
A2      : 0x3fc97510  A3      : 0x00000000  A4      : 0x0000000c  A5      : 0x3fc9792c  
A6      : 0x3c035554  A7      : 0x00000000  A8      : 0xffffffd2  A9      : 0xa5a5a5a5  
A10     : 0x0000001e  A11     : 0x00000008  A12     : 0x00000804  A13     : 0x00000080  
A14     : 0x00000000  A15     : 0x3fc96190  SAR     : 0x00000019  EXCCAUSE: 0x0000001c  
EXCVADDR: 0xa5a5a5a5  LBEG    : 0x400570e8  LEND    : 0x400570f3  LCOUNT  : 0xffffffff  


Backtrace: 0x42003eab:0x3fc97900 0x42003fba:0x3fc97920 0x420041dc:0x3fc97970 0x4200441d:0x3fc979c0 0x42015ace:0x3fc979f0 0x4200a5a3:0x3fc97a20 0x4200a189:0x3fc97a60 0x4200a237:0x3fc97b30 0x4200a057:0x3fc98360 0x420295fb:0x3fc98380 0x4037a6cd:0x3fc983b0




ELF file SHA256: 3c7785886

Rebooting...
ESP-ROM:esp32s3-20210327
Build:Mar 27 2021
rst:0xc (RTC_SW_CPU_RST),boot:0x8 (SPI_FAST_FLASH_BOOT)
Saved PC:0x403759b4
SPIWP:0xee
mode:DIO, clock div:1
load:0x3fce2810,len:0x15a0
load:0x403c8700,len:0x4
load:0x403c8704,len:0xd20
load:0x403cb700,len:0x2f00
entry 0x403c8928
[0;32mI (31) boot: ESP-IDF v5.4.1-dirty 2nd stage bootloader[0m
[0;32mI (31) boot: compile time May 21 2025 07:02:07[0m
[0;32mI (31) boot: Multicore bootloader[0m
[0;32mI (32) boot: chip revision: v0.2[0m
[0;32mI (35) boot: efuse block revision: v1.3[0m
[0;32mI (38) boot.esp32s3: Boot SPI Speed : 80MHz[0m
[0;32mI (42) boot.esp32s3: SPI Mode       : DIO[0m
[0;32mI (46) boot.esp32s3: SPI Flash Size : 2MB[0m
[0;32mI (50) boot: Enabling RNG early entropy source...[0m
[0;32mI (54) boot: Partition Table:[0m
[0;32mI (57) boot: ## Label            Usage          Type ST Offset   Length[0m
[0;32mI (63) boot:  0 nvs              WiFi data        01 02 00009000 00006000[0m
[0;32mI (70) boot:  1 phy_init         RF data          01 01 0000f000 00001000[0m
[0;32mI (76) boot:  2 factory          factory app      00 00 00010000 00100000[0m
[0;32mI (83) boot: End of partition table[0m
[0;32mI (86) esp_image: segment 0: paddr=00010020 vaddr=3c030020 size=0da40h ( 55872) map[0m
[0;32mI (103) esp_image: segment 1: paddr=0001da68 vaddr=3fc92600 size=025b0h (  9648) load[0m
[0;32mI (106) esp_image: segment 2: paddr=00020020 vaddr=42000020 size=29d20h (171296) map[0m
[0;32mI (139) esp_image: segment 3: paddr=00049d48 vaddr=3fc94bb0 size=00598h (  1432) load[0m
[0;32mI (139) esp_image: segment 4: paddr=0004a2e8 vaddr=40374000 size=0e570h ( 58736) load[0m
[0;32mI (155) esp_image: segment 5: paddr=00058860 vaddr=600fe100 size=0001ch (    28) load[0m
[0;32mI (161) boot: Loaded app from partition at offset 0x10000[0m
[0;32mI (161) boot: Disabling RNG early entropy source...[0m
[0;32mI (173) cpu_start: Multicore app[0m
[0;32mI (182) cpu_start: Pro cpu start user code[0m
[0;32mI (182) cpu_start: cpu freq: 160000000 Hz[0m
[0;32mI (182) app_init: Application information:[0m
[0;32mI (182) app_init: Project name:     005_sd_mmc[0m
[0;32mI (186) app_init: App version:      d8ceff3-dirty[0m
[0;32mI (191) app_init: Compile time:     May 21 2025 07:02:00[0m
[0;32mI (196) app_init: ELF file SHA256:  3c7785886...[0m
[0;32mI (200) app_init: ESP-IDF:          v5.4.1-dirty[0m
[0;32mI (204) efuse_init: Min chip rev:     v0.0[0m
[0;32mI (208) efuse_init: Max chip rev:     v0.99 [0m
[0;32mI (212) efuse_init: Chip rev:         v0.2[0m
[0;32mI (216) heap_init: Initializing. RAM available for dynamic allocation:[0m
[0;32mI (222) heap_init: At 3FC95AA0 len 00053C70 (335 KiB): RAM[0m
[0;32mI (227) heap_init: At 3FCE9710 len 00005724 (21 KiB): RAM[0m
[0;32mI (233) heap_init: At 3FCF0000 len 00008000 (32 KiB): DRAM[0m
[0;32mI (238) heap_init: At 600FE11C len 00001ECC (7 KiB): RTCRAM[0m
[0;32mI (244) spi_flash: detected chip: generic[0m
[0;32mI (247) spi_flash: flash io: dio[0m
[0;33mW (250) spi_flash: Detected size(16384k) larger than the size in the binary image header(2048k). Using the size in the binary image header.[0m
[0;32mI (262) sleep_gpio: Configure to isolate all GPIO pins in sleep state[0m
[0;32mI (268) sleep_gpio: Enable automatic switching of GPIO sleep configuration[0m
[0;32mI (275) main_task: Started on CPU0[0m
[0;32mI (295) main_task: Calling app_main()[0m
[0;32mI (295) SD_MMC: Initializing SD card[0m
[0;32mI (295) SD_MMC: Using SDMMC peripheral[0m
[0;32mI (295) SD_MMC: Mounting filesystem[0m
Guru Meditation Error: Core  0 panic'ed (LoadProhibited). Exception was unhandled.

Core  0 register dump:
PC      : 0x42003eae  PS      : 0x00060f33  A0      : 0x82003fbd  A1      : 0x3fc97900  
A2      : 0x3fc97510  A3      : 0x00000000  A4      : 0x0000000c  A5      : 0x3fc9792c  
A6      : 0x3c035554  A7      : 0x00000000  A8      : 0xffffffd2  A9      : 0xa5a5a5a5  
A10     : 0x0000001e  A11     : 0x00000008  A12     : 0x00000804  A13     : 0x00000080  
A14     : 0x00000000  A15     : 0x3fc96190  SAR     : 0x00000019  EXCCAUSE: 0x0000001c  
EXCVADDR: 0xa5a5a5a5  LBEG    : 0x400570e8  LEND    : 0x400570f3  LCOUNT  : 0xffffffff  


Backtrace: 0x42003eab:0x3fc97900 0x42003fba:0x3fc97920 0x420041dc:0x3fc97970 0x4200441d:0x3fc979c0 0x42015ace:0x3fc979f0 0x4200a5a3:0x3fc97a20 0x4200a189:0x3fc97a60 0x4200a237:0x3fc97b30 0x4200a057:0x3fc98360 0x420295fb:0x3fc98380 0x4037a6cd:0x3fc983b0




ELF file SHA256: 3c7785886

Rebooting...
ESP-ROM:esp32s3-20210327
Build:Mar 27 2021
rst:0xc (RTC_SW_CPU_RST),boot:0x8 (SPI_FAST_FLASH_BOOT)
Saved PC:0x403759b4
SPIWP:0xee
mode:DIO, clock div:1
load:0x3fce2810,len:0x15a0
load:0x403c8700,len:0x4
load:0x403c8704,len:0xd20
load:0x403cb700,len:0x2f00
entry 0x403c8928
[0;32mI (31) boot: ESP-IDF v5.4.1-dirty 2nd stage bootloader[0m
[0;32mI (31) boot: compile time May 21 2025 07:02:07[0m
[0;32mI (31) boot: Multicore bootloader[0m
[0;32mI (32) boot: chip revision: v0.2[0m
[0;32mI (35) boot: efuse block revision: v1.3[0m
[0;32mI (38) boot.esp32s3: Boot SPI Speed : 80MHz[0m
[0;32mI (42) boot.esp32s3: SPI Mode       : DIO[0m
[0;32mI (46) boot.esp32s3: SPI Flash Size : 2MB[0m
[0;32mI (50) boot: Enabling RNG early entropy source...[0m
[0;32mI (54) boot: Partition Table:[0m
[0;32mI (57) boot: ## Label            Usage          Type ST Offset   Length[0m
[0;32mI (63) boot:  0 nvs              WiFi data        01 02 00009000 00006000[0m
[0;32mI (70) boot:  1 phy_init         RF data          01 01 0000f000 00001000[0m
[0;32mI (76) boot:  2 factory          factory app      00 00 00010000 00100000[0m
[0;32mI (83) boot: End of partition table[0m
[0;32mI (86) esp_image: segment 0: paddr=00010020 vaddr=3c030020 size=0da40h ( 55872) map[0m
[0;32mI (103) esp_image: segment 1: paddr=0001da68 vaddr=3fc92600 size=025b0h (  9648) load[0m
[0;32mI (106) esp_image: segment 2: paddr=00020020 vaddr=42000020 size=29d20h (171296) map[0m
[0;32mI (139) esp_image: segment 3: paddr=00049d48 vaddr=3fc94bb0 size=00598h (  1432) load[0m
[0;32mI (139) esp_image: segment 4: paddr=0004a2e8 vaddr=40374000 size=0e570h ( 58736) load[0m
[0;32mI (155) esp_image: segment 5: paddr=00058860 vaddr=600fe100 size=0001ch (    28) load[0m
[0;32mI (161) boot: Loaded app from partition at offset 0x10000[0m
[0;32mI (161) boot: Disabling RNG early entropy source...[0m
[0;32mI (173) cpu_start: Multicore app[0m
[0;32mI (182) cpu_start: Pro cpu start user code[0m
[0;32mI (182) cpu_start: cpu freq: 160000000 Hz[0m
[0;32mI (182) app_init: Application information:[0m
[0;32mI (182) app_init: Project name:     005_sd_mmc[0m
[0;32mI (186) app_init: App version:      d8ceff3-dirty[0m
[0;32mI (191) app_init: Compile time:     May 21 2025 07:02:00[0m
[0;32mI (196) app_init: ELF file SHA256:  3c7785886...[0m
[0;32mI (200) app_init: ESP-IDF:          v5.4.1-dirty[0m
[0;32mI (204) efuse_init: Min chip rev:     v0.0[0m
[0;32mI (208) efuse_init: Max chip rev:     v0.99 [0m
[0;32mI (212) efuse_init: Chip rev:         v0.2[0m
[0;32mI (216) heap_init: Initializing. RAM available for dynamic allocation:[0m
[0;32mI (222) heap_init: At 3FC95AA0 len 00053C70 (335 KiB): RAM[0m
[0;32mI (227) heap_init: At 3FCE9710 len 00005724 (21 KiB): RAM[0m
[0;32mI (233) heap_init: At 3FCF0000 len 00008000 (32 KiB): DRAM[0m
[0;32mI (238) heap_init: At 600FE11C len 00001ECC (7 KiB): RTCRAM[0m
[0;32mI (244) spi_flash: detected chip: generic[0m
[0;32mI (247) spi_flash: flash io: dio[0m
[0;33mW (250) spi_flash: Detected size(16384k) larger than the size in the binary image header(2048k). Using the size in the binary image header.[0m
[0;32mI (262) sleep_gpio: Configure to isolate all GPIO pins in sleep state[0m
[0;32mI (268) sleep_gpio: Enable automatic switching of GPIO sleep configuration[0m
[0;32mI (275) main_task: Started on CPU0[0m
[0;32mI (295) main_task: Calling app_main()[0m
[0;32mI (295) SD_MMC: Initializing SD card[0m
[0;32mI (295) SD_MMC: Using SDMMC peripheral[0m
[0;32mI (295) SD_MMC: Mounting filesystem[0m
Guru Meditation Error: Core  0 panic'ed (LoadProhibited). Exception was unhandled.

Core  0 register dump:
PC      : 0x42003eae  PS      : 0x00060f33  A0      : 0x82003fbd  A1      : 0x3fc97900  
A2      : 0x3fc97510  A3      : 0x00000000  A4      : 0x0000000c  A5      : 0x3fc9792c  
A6      : 0x3c035554  A7      : 0x00000000  A8      : 0xffffffd2  A9      : 0xa5a5a5a5  
A10     : 0x0000001e  A11     : 0x00000008  A12     : 0x00000804  A13     : 0x00000080  
A14     : 0x00000000  A15     : 0x3fc96190  SAR     : 0x00000019  EXCCAUSE: 0x0000001c  
EXCVADDR: 0xa5a5a5a5  LBEG    : 0x400570e8  LEND    : 0x400570f3  LCOUNT  : 0xffffffff  


Backtrace: 0x42003eab:0x3fc97900 0x42003fba:0x3fc97920 0x420041dc:0x3fc97970 0x4200441d:0x3fc979c0 0x42015ace:0x3fc979f0 0x4200a5a3:0x3fc97a20 0x4200a189:0x3fc97a60 0x4200a237:0x3fc97b30 0x4200a057:0x3fc98360 0x420295fb:0x3fc98380 0x4037a6cd:0x3fc983b0




ELF file SHA256: 3c7785886

Rebooting...
ESP-ROM:esp32s3-20210327
Build:Mar 27 2021
rst:0xc (RTC_SW_CPU_RST),boot:0x8 (SPI_FAST_FLASH_BOOT)
Saved PC:0x403759b4
SPIWP:0xee
mode:DIO, clock div:1
load:0x3fce2810,len:0x15a0
load:0x403c8700,len:0x4
load:0x403c8704,len:0xd20
load:0x403cb700,len:0x2f00
entry 0x403c8928
[0;32mI (31) boot: ESP-IDF v5.4.1-dirty 2nd stage bootloader[0m
[0;32mI (31) boot: compile time May 21 2025 07:02:07[0m
[0;32mI (31) boot: Multicore bootloader[0m
[0;32mI (32) boot: chip revision: v0.2[0m
[0;32mI (35) boot: efuse block revision: v1.3[0m
[0;32mI (38) boot.esp32s3: Boot SPI Speed : 80MHz[0m
[0;32mI (42) boot.esp32s3: SPI Mode       : DIO[0m
[0;32mI (46) boot.esp32s3: SPI Flash Size : 2MB[0m
[0;32mI (50) boot: Enabling RNG early entropy source...[0m
[0;32mI (54) boot: Partition Table:[0m
[0;32mI (57) boot: ## Label            Usage          Type ST Offset   Length[0m
[0;32mI (63) boot:  0 nvs              WiFi data        01 02 00009000 00006000[0m
[0;32mI (70) boot:  1 phy_init         RF data          01 01 0000f000 00001000[0m
[0;32mI (76) boot:  2 factory          factory app      00 00 00010000 00100000[0m
[0;32mI (83) boot: End of partition table[0m
[0;32mI (86) esp_image: segment 0: paddr=00010020 vaddr=3c030020 size=0da40h ( 55872) map[0m
[0;32mI (103) esp_image: segment 1: paddr=0001da68 vaddr=3fc92600 size=025b0h (  9648) load[0m
[0;32mI (106) esp_image: segment 2: paddr=00020020 vaddr=42000020 size=29d20h (171296) map[0m
[0;32mI (139) esp_image: segment 3: paddr=00049d48 vaddr=3fc94bb0 size=00598h (  1432) load[0m
[0;32mI (139) esp_image: segment 4: paddr=0004a2e8 vaddr=40374000 size=0e570h ( 58736) load[0m
[0;32mI (155) esp_image: segment 5: paddr=00058860 vaddr=600fe100 size=0001ch (    28) load[0m
[0;32mI (161) boot: Loaded app from partition at offset 0x10000[0m
[0;32mI (161) boot: Disabling RNG early entropy source...[0m
[0;32mI (173) cpu_start: Multicore app[0m
[0;32mI (182) cpu_start: Pro cpu start user code[0m
[0;32mI (182) cpu_start: cpu freq: 160000000 Hz[0m
[0;32mI (182) app_init: Application information:[0m
[0;32mI (182) app_init: Project name:     005_sd_mmc[0m
[0;32mI (186) app_init: App version:      d8ceff3-dirty[0m
[0;32mI (191) app_init: Compile time:     May 21 2025 07:02:00[0m
[0;32mI (196) app_init: ELF file SHA256:  3c7785886...[0m
[0;32mI (200) app_init: ESP-IDF:          v5.4.1-dirty[0m
[0;32mI (204) efuse_init: Min chip rev:     v0.0[0m
[0;32mI (208) efuse_init: Max chip rev:     v0.99 [0m
[0;32mI (212) efuse_init: Chip rev:         v0.2[0m
[0;32mI (216) heap_init: Initializing. RAM available for dynamic allocation:[0m
[0;32mI (222) heap_init: At 3FC95AA0 len 00053C70 (335 KiB): RAM[0m
[0;32mI (227) heap_init: At 3FCE9710 len 00005724 (21 KiB): RAM[0m
[0;32mI (233) heap_init: At 3FCF0000 len 00008000 (32 KiB): DRAM[0m
[0;32mI (238) heap_init: At 600FE11C len 00001ECC (7 KiB): RTCRAM[0m
[0;32mI (244) spi_flash: detected chip: generic[0m
[0;32mI (247) spi_flash: flash io: dio[0m
[0;33mW (250) spi_flash: Detected size(16384k) larger than the size in the binary image header(2048k). Using the size in the binary image header.[0m
[0;32mI (262) sleep_gpio: Configure to isolate all GPIO pins in sleep state[0m
[0;32mI (268) sleep_gpio: Enable automatic switching of GPIO sleep configuration[0m
[0;32mI (275) main_task: Started on CPU0[0m
[0;32mI (295) main_task: Calling app_main()[0m
[0;32mI (295) SD_MMC: Initializing SD card[0m
[0;32mI (295) SD_MMC: Using SDMMC peripheral[0m
[0;32mI (295) SD_MMC: Mounting filesystem[0m
Guru Meditation Error: Core  0 panic'ed (LoadProhibited). Exception was unhandled.

Core  0 register dump:
PC      : 0x42003eae  PS      : 0x00060f33  A0      : 0x82003fbd  A1      : 0x3fc97900  
A2      : 0x3fc97510  A3      : 0x00000000  A4      : 0x0000000c  A5      : 0x3fc9792c  
A6      : 0x3c035554  A7      : 0x00000000  A8      : 0xffffffd2  A9      : 0xa5a5a5a5  
A10     : 0x0000001e  A11     : 0x00000008  A12     : 0x00000804  A13     : 0x00000080  
A14     : 0x00000000  A15     : 0x3fc96190  SAR     : 0x00000019  EXCCAUSE: 0x0000001c  
EXCVADDR: 0xa5a5a5a5  LBEG    : 0x400570e8  LEND    : 0x400570f3  LCOUNT  : 0xffffffff  


Backtrace: 0x42003eab:0x3fc97900 0x42003fba:0x3fc97920 0x420041dc:0x3fc97970 0x4200441d:0x3fc979c0 0x42015ace:0x3fc979f0 0x4200a5a3:0x3fc97a20 0x4200a189:0x3fc97a60 0x4200a237:0x3fc97b30 0x4200a057:0x3fc98360 0x420295fb:0x3fc98380 0x4037a6cd:0x3fc983b0




ELF file SHA256: 3c7785886

Rebooting...
ESP-ROM:esp32s3-20210327
Build:Mar 27 2021
rst:0xc (RTC_SW_CPU_RST),boot:0x8 (SPI_FAST_FLASH_BOOT)
Saved PC:0x403759b4
SPIWP:0xee
mode:DIO, clock div:1
load:0x3fce2810,len:0x15a0
load:0x403c8700,len:0x4
load:0x403c8704,len:0xd20
load:0x403cb700,len:0x2f00
entry 0x403c8928
[0;32mI (31) boot: ESP-IDF v5.4.1-dirty 2nd stage bootloader[0m
[0;32mI (31) boot: compile time May 21 2025 07:02:07[0m
[0;32mI (31) boot: Multicore bootloader[0m
[0;32mI (32) boot: chip revision: v0.2[0m
[0;32mI (35) boot: efuse block revision: v1.3[0m
[0;32mI (38) boot.esp32s3: Boot SPI Speed : 80MHz[0m
[0;32mI (42) boot.esp32s3: SPI Mode       : DIO[0m
[0;32mI (46) boot.esp32s3: SPI Flash Size : 2MB[0m
[0;32mI (50) boot: Enabling RNG early entropy source...[0m
[0;32mI (54) boot: Partition Table:[0m
[0;32mI (57) boot: ## Label            Usage          Type ST Offset   Length[0m
[0;32mI (63) boot:  0 nvs              WiFi data        01 02 00009000 00006000[0m
[0;32mI (70) boot:  1 phy_init         RF data          01 01 0000f000 00001000[0m
[0;32mI (76) boot:  2 factory          factory app      00 00 00010000 00100000[0m
[0;32mI (83) boot: End of partition table[0m
[0;32mI (86) esp_image: segment 0: paddr=00010020 vaddr=3c030020 size=0da40h ( 55872) map[0m
[0;32mI (103) esp_image: segment 1: paddr=0001da68 vaddr=3fc92600 size=025b0h (  9648) load[0m
[0;32mI (106) esp_image: segment 2: paddr=00020020 vaddr=42000020 size=29d20h (171296) map[0m
[0;32mI (139) esp_image: segment 3: paddr=00049d48 vaddr=3fc94bb0 size=00598h (  1432) load[0m
[0;32mI (139) esp_image: segment 4: paddr=0004a2e8 vaddr=40374000 size=0e570h ( 58736) load[0m
[0;32mI (155) esp_image: segment 5: paddr=00058860 vaddr=600fe100 size=0001ch (    28) load[0m
[0;32mI (161) boot: Loaded app from partition at offset 0x10000[0m
[0;32mI (161) boot: Disabling RNG early entropy source...[0m
[0;32mI (173) cpu_start: Multicore app[0m
[0;32mI (182) cpu_start: Pro cpu start user code[0m
[0;32mI (182) cpu_start: cpu freq: 160000000 Hz[0m
[0;32mI (182) app_init: Application information:[0m
[0;32mI (182) app_init: Project name:     005_sd_mmc[0m
[0;32mI (186) app_init: App version:      d8ceff3-dirty[0m
[0;32mI (191) app_init: Compile time:     May 21 2025 07:02:00[0m
[0;32mI (196) app_init: ELF file SHA256:  3c7785886...[0m
[0;32mI (200) app_init: ESP-IDF:          v5.4.1-dirty[0m
[0;32mI (204) efuse_init: Min chip rev:     v0.0[0m
[0;32mI (208) efuse_init: Max chip rev:     v0.99 [0m
[0;32mI (212) efuse_init: Chip rev:         v0.2[0m
[0;32mI (216) heap_init: Initializing. RAM available for dynamic allocation:[0m
[0;32mI (222) heap_init: At 3FC95AA0 len 00053C70 (335 KiB): RAM[0m
[0;32mI (227) heap_init: At 3FCE9710 len 00005724 (21 KiB): RAM[0m
[0;32mI (233) heap_init: At 3FCF0000 len 00008000 (32 KiB): DRAM[0m
[0;32mI (238) heap_init: At 600FE11C len 00001ECC (7 KiB): RTCRAM[0m
[0;32mI (244) spi_flash: detected chip: generic[0m
[0;32mI (247) spi_flash: flash io: dio[0m
[0;33mW (250) spi_flash: Detected size(16384k) larger than the size in the binary image header(2048k). Using the size in the binary image header.[0m
[0;32mI (262) sleep_gpio: Configure to isolate all GPIO pins in sleep state[0m
[0;32mI (268) sleep_gpio: Enable automatic switching of GPIO sleep configuration[0m
[0;32mI (275) main_task: Started on CPU0[0m
[0;32mI (295) main_task: Calling app_main()[0m
[0;32mI (295) SD_MMC: Initializing SD card[0m
[0;32mI (295) SD_MMC: Using SDMMC peripheral[0m
[0;32mI (295) SD_MMC: Mounting filesystem[0m
Guru Meditation Error: Core  0 panic'ed (LoadProhibited). Exception was unhandled.

Core  0 register dump:
PC      : 0x42003eae  PS      : 0x00060f33  A0      : 0x82003fbd  A1      : 0x3fc97900  
A2      : 0x3fc97510  A3      : 0x00000000  A4      : 0x0000000c  A5      : 0x3fc9792c  
A6      : 0x3c035554  A7      : 0x00000000  A8      : 0xffffffd2  A9      : 0xa5a5a5a5  
A10     : 0x0000001e  A11     : 0x00000008  A12     : 0x00000804  A13     : 0x00000080  
A14     : 0x00000000  A15     : 0x3fc96190  SAR     : 0x00000019  EXCCAUSE: 0x0000001c  
EXCVADDR: 0xa5a5a5a5  LBEG    : 0x400570e8  LEND    : 0x400570f3  LCOUNT  : 0xffffffff  


Backtrace: 0x42003eab:0x3fc97900 0x42003fba:0x3fc97920 0x420041dc:0x3fc97970 0x4200441d:0x3fc979c0 0x42015ace:0x3fc979f0 0x4200a5a3:0x3fc97a20 0x4200a189:0x3fc97a60 0x4200a237:0x3fc97b30 0x4200a057:0x3fc98360 0x420295fb:0x3fc98380 0x4037a6cd:0x3fc983b0




ELF file SHA256: 3c7785886

Rebooting...
ESP-ROM:esp32s3-20210327
Build:Mar 27 2021
rst:0xc (RTC_SW_CPU_RST),boot:0x8 (SPI_FAST_FLASH_BOOT)
Saved PC:0x403759b4
SPIWP:0xee
mode:DIO, clock div:1
load:0x3fce2810,len:0x15a0
load:0x403c8700,len:0x4
load:0x403c8704,len:0xd20
load:0x403cb700,len:0x2f00
entry 0x403c8928
[0;32mI (31) boot: ESP-IDF v5.4.1-dirty 2nd stage bootloader[0m
[0;32mI (31) boot: compile time May 21 2025 07:02:07[0m
[0;32mI (31) boot: Multicore bootloader[0m
[0;32mI (32) boot: chip revision: v0.2[0m
[0;32mI (35) boot: efuse block revision: v1.3[0m
[0;32mI (38) boot.esp32s3: Boot SPI Speed : 80MHz[0m
[0;32mI (42) boot.esp32s3: SPI Mode       : DIO[0m
[0;32mI (46) boot.esp32s3: SPI Flash Size : 2MB[0m
[0;32mI (50) boot: Enabling RNG early entropy source...[0m
[0;32mI (54) boot: Partition Table:[0m
[0;32mI (57) boot: ## Label            Usage          Type ST Offset   Length[0m
[0;32mI (63) boot:  0 nvs              WiFi data        01 02 00009000 00006000[0m
[0;32mI (70) boot:  1 phy_init         RF data          01 01 0000f000 00001000[0m
[0;32mI (76) boot:  2 factory          factory app      00 00 00010000 00100000[0m
[0;32mI (83) boot: End of partition table[0m
[0;32mI (86) esp_image: segment 0: paddr=00010020 vaddr=3c030020 size=0da40h ( 55872) map[0m
[0;32mI (103) esp_image: segment 1: paddr=0001da68 vaddr=3fc92600 size=025b0h (  9648) load[0m
[0;32mI (106) esp_image: segment 2: paddr=00020020 vaddr=42000020 size=29d20h (171296) map[0m
[0;32mI (139) esp_image: segment 3: paddr=00049d48 vaddr=3fc94bb0 size=00598h (  1432) load[0m
[0;32mI (139) esp_image: segment 4: paddr=0004a2e8 vaddr=40374000 size=0e570h ( 58736) load[0m
[0;32mI (155) esp_image: segment 5: paddr=00058860 vaddr=600fe100 size=0001ch (    28) load[0m
[0;32mI (161) boot: Loaded app from partition at offset 0x10000[0m
[0;32mI (161) boot: Disabling RNG early entropy source...[0m
[0;32mI (173) cpu_start: Multicore app[0m
[0;32mI (182) cpu_start: Pro cpu start user code[0m
[0;32mI (182) cpu_start: cpu freq: 160000000 Hz[0m
[0;32mI (182) app_init: Application information:[0m
[0;32mI (182) app_init: Project name:     005_sd_mmc[0m
[0;32mI (186) app_init: App version:      d8ceff3-dirty[0m
[0;32mI (191) app_init: Compile time:     May 21 2025 07:02:00[0m
[0;32mI (196) app_init: ELF file SHA256:  3c7785886...[0m
[0;32mI (200) app_init: ESP-IDF:          v5.4.1-dirty[0m
[0;32mI (204) efuse_init: Min chip rev:     v0.0[0m
[0;32mI (208) efuse_init: Max chip rev:     v0.99 [0m
[0;32mI (212) efuse_init: Chip rev:         v0.2[0m
[0;32mI (216) heap_init: Initializing. RAM available for dynamic allocation:[0m
[0;32mI (222) heap_init: At 3FC95AA0 len 00053C70 (335 KiB): RAM[0m
[0;32mI (227) heap_init: At 3FCE9710 len 00005724 (21 KiB): RAM[0m
[0;32mI (233) heap_init: At 3FCF0000 len 00008000 (32 KiB): DRAM[0m
[0;32mI (238) heap_init: At 600FE11C len 00001ECC (7 KiB): RTCRAM[0m
[0;32mI (244) spi_flash: detected chip: generic[0m
[0;32mI (247) spi_flash: flash io: dio[0m
[0;33mW (250) spi_flash: Detected size(16384k) larger than the size in the binary image header(2048k). Using the size in the binary image header.[0m
[0;32mI (262) sleep_gpio: Configure to isolate all GPIO pins in sleep state[0m
[0;32mI (268) sleep_gpio: Enable automatic switching of GPIO sleep configuration[0m
[0;32mI (275) main_task: Started on CPU0[0m
[0;32mI (295) main_task: Calling app_main()[0m
[0;32mI (295) SD_MMC: Initializing SD card[0m
[0;32mI (295) SD_MMC: Using SDMMC peripheral[0m
[0;32mI (295) SD_MMC: Mounting filesystem[0m
Guru Meditation Error: Core  0 panic'ed (LoadProhibited). Exception was unhandled.

Core  0 register dump:
PC      : 0x42003eae  PS      : 0x00060f33  A0      : 0x82003fbd  A1      : 0x3fc97900  
A2      : 0x3fc97510  A3      : 0x00000000  A4      : 0x0000000c  A5      : 0x3fc9792c  
A6      : 0x3c035554  A7      : 0x00000000  A8      : 0xffffffd2  A9      : 0xa5a5a5a5  
A10     : 0x0000001e  A11     : 0x00000008  A12     : 0x00000804  A13     : 0x00000080  
A14     : 0x00000000  A15     : 0x3fc96190  SAR     : 0x00000019  EXCCAUSE: 0x0000001c  
EXCVADDR: 0xa5a5a5a5  LBEG    : 0x400570e8  LEND    : 0x400570f3  LCOUNT  : 0xffffffff  


Backtrace: 0x42003eab:0x3fc97900 0x42003fba:0x3fc97920 0x420041dc:0x3fc97970 0x4200441d:0x3fc979c0 0x42015ace:0x3fc979f0 0x4200a5a3:0x3fc97a20 0x4200a189:0x3fc97a60 0x4200a237:0x3fc97b30 0x4200a057:0x3fc98360 0x420295fb:0x3fc98380 0x4037a6cd:0x3fc983b0




ELF file SHA256: 3c7785886

Rebooting...
ESP-ROM:esp32s3-20210327
Build:Mar 27 2021
rst:0xc (RTC_SW_CPU_RST),boot:0x8 (SPI_FAST_FLASH_BOOT)
Saved PC:0x403759b4
SPIWP:0xee
mode:DIO, clock div:1
load:0x3fce2810,len:0x15a0
load:0x403c8700,len:0x4
load:0x403c8704,len:0xd20
load:0x403cb700,len:0x2f00
entry 0x403c8928
[0;32mI (31) boot: ESP-IDF v5.4.1-dirty 2nd stage bootloader[0m
[0;32mI (31) boot: compile time May 21 2025 07:02:07[0m
[0;32mI (31) boot: Multicore bootloader[0m
[0;32mI (32) boot: chip revision: v0.2[0m
[0;32mI (35) boot: efuse block revision: v1.3[0m
[0;32mI (38) boot.esp32s3: Boot SPI Speed : 80MHz[0m
[0;32mI (42) boot.esp32s3: SPI Mode       : DIO[0m
[0;32mI (46) boot.esp32s3: SPI Flash Size : 2MB[0m
[0;32mI (50) boot: Enabling RNG early entropy source...[0m
[0;32mI (54) boot: Partition Table:[0m
[0;32mI (57) boot: ## Label            Usage          Type ST Offset   Length[0m
[0;32mI (63) boot:  0 nvs              WiFi data        01 02 00009000 00006000[0m
[0;32mI (70) boot:  1 phy_init         RF data          01 01 0000f000 00001000[0m
[0;32mI (76) boot:  2 factory          factory app      00 00 00010000 00100000[0m
[0;32mI (83) boot: End of partition table[0m
[0;32mI (86) esp_image: segment 0: paddr=00010020 vaddr=3c030020 size=0da40h ( 55872) map[0m
[0;32mI (103) esp_image: segment 1: paddr=0001da68 vaddr=3fc92600 size=025b0h (  9648) load[0m
[0;32mI (106) esp_image: segment 2: paddr=00020020 vaddr=42000020 size=29d20h (171296) map[0m
[0;32mI (139) esp_image: segment 3: paddr=00049d48 vaddr=3fc94bb0 size=00598h (  1432) load[0m
[0;32mI (139) esp_image: segment 4: paddr=0004a2e8 vaddr=40374000 size=0e570h ( 58736) load[0m
[0;32mI (155) esp_image: segment 5: paddr=00058860 vaddr=600fe100 size=0001ch (    28) load[0m
[0;32mI (161) boot: Loaded app from partition at offset 0x10000[0m
[0;32mI (161) boot: Disabling RNG early entropy source...[0m
[0;32mI (173) cpu_start: Multicore app[0m
[0;32mI (182) cpu_start: Pro cpu start user code[0m
[0;32mI (182) cpu_start: cpu freq: 160000000 Hz[0m
[0;32mI (182) app_init: Application information:[0m
[0;32mI (182) app_init: Project name:     005_sd_mmc[0m
[0;32mI (186) app_init: App version:      d8ceff3-dirty[0m
[0;32mI (191) app_init: Compile time:     May 21 2025 07:02:00[0m
[0;32mI (196) app_init: ELF file SHA256:  3c7785886...[0m
[0;32mI (200) app_init: ESP-IDF:          v5.4.1-dirty[0m
[0;32mI (204) efuse_init: Min chip rev:     v0.0[0m
[0;32mI (208) efuse_init: Max chip rev:     v0.99 [0m
[0;32mI (212) efuse_init: Chip rev:         v0.2[0m
[0;32mI (216) heap_init: Initializing. RAM available for dynamic allocation:[0m
[0;32mI (222) heap_init: At 3FC95AA0 len 00053C70 (335 KiB): RAM[0m
[0;32mI (227) heap_init: At 3FCE9710 len 00005724 (21 KiB): RAM[0m
[0;32mI (233) heap_init: At 3FCF0000 len 00008000 (32 KiB): DRAM[0m
[0;32mI (238) heap_init: At 600FE11C len 00001ECC (7 KiB): RTCRAM[0m
[0;32mI (244) spi_flash: detected chip: generic[0m
[0;32mI (247) spi_flash: flash io: dio[0m
[0;33mW (250) spi_flash: Detected size(16384k) larger than the size in the binary image header(2048k). Using the size in the binary image header.[0m
[0;32mI (262) sleep_gpio: Configure to isolate all GPIO pins in sleep state[0m
[0;32mI (268) sleep_gpio: Enable automatic switching of GPIO sleep configuration[0m
[0;32mI (275) main_task: Started on CPU0[0m
[0;32mI (295) main_task: Calling app_main()[0m
[0;32mI (295) SD_MMC: Initializing SD card[0m
[0;32mI (295) SD_MMC: Using SDMMC peripheral[0m
[0;32mI (295) SD_MMC: Mounting filesystem[0m
Guru Meditation Error: Core  0 panic'ed (LoadProhibited). Exception was unhandled.

Core  0 register dump:
PC      : 0x42003eae  PS      : 0x00060f33  A0      : 0x82003fbd  A1      : 0x3fc97900  
A2      : 0x3fc97510  A3      : 0x00000000  A4      : 0x0000000c  A5      : 0x3fc9792c  
A6      : 0x3c035554  A7      : 0x00000000  A8      : 0xffffffd2  A9      : 0xa5a5a5a5  
A10     : 0x0000001e  A11     : 0x00000008  A12     : 0x00000804  A13     : 0x00000080  
A14     : 0x00000000  A15     : 0x3fc96190  SAR     : 0x00000019  EXCCAUSE: 0x0000001c  
EXCVADDR: 0xa5a5a5a5  LBEG    : 0x400570e8  LEND    : 0x400570f3  LCOUNT  : 0xffffffff  


Backtrace: 0x42003eab:0x3fc97900 0x42003fba:0x3fc97920 0x420041dc:0x3fc97970 0x4200441d:0x3fc979c0 0x42015ace:0x3fc979f0 0x4200a5a3:0x3fc97a20 0x4200a189:0x3fc97a60 0x4200a237:0x3fc97b30 0x4200a057:0x3fc98360 0x420295fb:0x3fc98380 0x4037a6cd:0x3fc983b0




ELF file SHA256: 3c7785886

Rebooting...
ESP-ROM:esp32s3-20210327
Build:Mar 27 2021
rst:0xc (RTC_SW_CPU_RST),boot:0x8 (SPI_FAST_FLASH_BOOT)
Saved PC:0x403759b4
SPIWP:0xee
mode:DIO, clock div:1
load:0x3fce2810,len:0x15a0
load:0x403c8700,len:0x4
load:0x403c8704,len:0xd20
load:0x403cb700,len:0x2f00
entry 0x403c8928
[0;32mI (31) boot: ESP-IDF v5.4.1-dirty 2nd stage bootloader[0m
[0;32mI (31) boot: compile time May 21 2025 07:02:07[0m
[0;32mI (31) boot: Multicore bootloader[0m
[0;32mI (32) boot: chip revision: v0.2[0m
[0;32mI (35) boot: efuse block revision: v1.3[0m
[0;32mI (38) boot.esp32s3: Boot SPI Speed : 80MHz[0m
[0;32mI (42) boot.esp32s3: SPI Mode       : DIO[0m
[0;32mI (46) boot.esp32s3: SPI Flash Size : 2MB[0m
[0;32mI (50) boot: Enabling RNG early entropy source...[0m
[0;32mI (54) boot: Partition Table:[0m
[0;32mI (57) boot: ## Label            Usage          Type ST Offset   Length[0m
[0;32mI (63) boot:  0 nvs              WiFi data        01 02 00009000 00006000[0m
[0;32mI (70) boot:  1 phy_init         RF data          01 01 0000f000 00001000[0m
[0;32mI (76) boot:  2 factory          factory app      00 00 00010000 00100000[0m
[0;32mI (83) boot: End of partition table[0m
[0;32mI (86) esp_image: segment 0: paddr=00010020 vaddr=3c030020 size=0da40h ( 55872) map[0m
[0;32mI (103) esp_image: segment 1: paddr=0001da68 vaddr=3fc92600 size=025b0h (  9648) load[0m
[0;32mI (106) esp_image: segment 2: paddr=00020020 vaddr=42000020 size=29d20h (171296) map[0m
[0;32mI (139) esp_image: segment 3: paddr=00049d48 vaddr=3fc94bb0 size=00598h (  1432) load[0m
[0;32mI (139) esp_image: segment 4: paddr=0004a2e8 vaddr=40374000 size=0e570h ( 58736) load[0m
[0;32mI (155) esp_image: segment 5: paddr=00058860 vaddr=600fe100 size=0001ch (    28) load[0m
[0;32mI (161) boot: Loaded app from partition at offset 0x10000[0m
[0;32mI (161) boot: Disabling RNG early entropy source...[0m
[0;32mI (173) cpu_start: Multicore app[0m
[0;32mI (182) cpu_start: Pro cpu start user code[0m
[0;32mI (182) cpu_start: cpu freq: 160000000 Hz[0m
[0;32mI (182) app_init: Application information:[0m
[0;32mI (182) app_init: Project name:     005_sd_mmc[0m
[0;32mI (186) app_init: App version:      d8ceff3-dirty[0m
[0;32mI (191) app_init: Compile time:     May 21 2025 07:02:00[0m
[0;32mI (196) app_init: ELF file SHA256:  3c7785886...[0m
[0;32mI (200) app_init: ESP-IDF:          v5.4.1-dirty[0m
[0;32mI (204) efuse_init: Min chip rev:     v0.0[0m
[0;32mI (208) efuse_init: Max chip rev:     v0.99 [0m
[0;32mI (212) efuse_init: Chip rev:         v0.2[0m
[0;32mI (216) heap_init: Initializing. RAM available for dynamic allocation:[0m
[0;32mI (222) heap_init: At 3FC95AA0 len 00053C70 (335 KiB): RAM[0m
[0;32mI (227) heap_init: At 3FCE9710 len 00005724 (21 KiB): RAM[0m
[0;32mI (233) heap_init: At 3FCF0000 len 00008000 (32 KiB): DRAM[0m
[0;32mI (238) heap_init: At 600FE11C len 00001ECC (7 KiB): RTCRAM[0m
[0;32mI (244) spi_flash: detected chip: generic[0m
[0;32mI (247) spi_flash: flash io: dio[0m
[0;33mW (250) spi_flash: Detected size(16384k) larger than the size in the binary image header(2048k). Using the size in the binary image header.[0m
[0;32mI (262) sleep_gpio: Configure to isolate all GPIO pins in sleep state[0m
[0;32mI (268) sleep_gpio: Enable automatic switching of GPIO sleep configuration[0m
[0;32mI (275) main_task: Started on CPU0[0m
[0;32mI (295) main_task: Calling app_main()[0m
[0;32mI (295) SD_MMC: Initializing SD card[0m
[0;32mI (295) SD_MMC: Using SDMMC peripheral[0m
[0;32mI (295) SD_MMC: Mounting filesystem[0m
Guru Meditation Error: Core  0 panic'ed (LoadProhibited). Exception was unhandled.

Core  0 register dump:
PC      : 0x42003eae  PS      : 0x00060f33  A0      : 0x82003fbd  A1      : 0x3fc97900  
A2      : 0x3fc97510  A3      : 0x00000000  A4      : 0x0000000c  A5      : 0x3fc9792c  
A6      : 0x3c035554  A7      : 0x00000000  A8      : 0xffffffd2  A9      : 0xa5a5a5a5  
A10     : 0x0000001e  A11     : 0x00000008  A12     : 0x00000804  A13     : 0x00000080  
A14     : 0x00000000  A15     : 0x3fc96190  SAR     : 0x00000019  EXCCAUSE: 0x0000001c  
EXCVADDR: 0xa5a5a5a5  LBEG    : 0x400570e8  LEND    : 0x400570f3  LCOUNT  : 0xffffffff  


Backtrace: 0x42003eab:0x3fc97900 0x42003fba:0x3fc97920 0x420041dc:0x3fc97970 0x4200441d:0x3fc979c0 0x42015ace:0x3fc979f0 0x4200a5a3:0x3fc97a20 0x4200a189:0x3fc97a60 0x4200a237:0x3fc97b30 0x4200a057:0x3fc98360 0x420295fb:0x3fc98380 0x4037a6cd:0x3fc983b0




ELF file SHA256: 3c7785886

Rebooting...
ESP-ROM:esp32s3-20210327
Build:Mar 27 2021
rst:0xc (RTC_SW_CPU_RST),boot:0x8 (SPI_FAST_FLASH_BOOT)
Saved PC:0x403759b4
SPIWP:0xee
mode:DIO, clock div:1
load:0x3fce2810,len:0x15a0
load:0x403c8700,len:0x4
load:0x403c8704,len:0xd20
load:0x403cb700,len:0x2f00
entry 0x403c8928
[0;32mI (31) boot: ESP-IDF v5.4.1-dirty 2nd stage bootloader[0m
[0;32mI (31) boot: compile time May 21 2025 07:02:07[0m
[0;32mI (31) boot: Multicore bootloader[0m
[0;32mI (32) boot: chip revision: v0.2[0m
[0;32mI (35) boot: efuse block revision: v1.3[0m
[0;32mI (38) boot.esp32s3: Boot SPI Speed : 80MHz[0m
[0;32mI (42) boot.esp32s3: SPI Mode       : DIO[0m
[0;32mI (46) boot.esp32s3: SPI Flash Size : 2MB[0m
[0;32mI (50) boot: Enabling RNG early entropy source...[0m
[0;32mI (54) boot: Partition Table:[0m
[0;32mI (57) boot: ## Label            Usage          Type ST Offset   Length[0m
[0;32mI (63) boot:  0 nvs              WiFi data        01 02 00009000 00006000[0m
[0;32mI (70) boot:  1 phy_init         RF data          01 01 0000f000 00001000[0m
[0;32mI (76) boot:  2 factory          factory app      00 00 00010000 00100000[0m
[0;32mI (83) boot: End of partition table[0m
[0;32mI (86) esp_image: segment 0: paddr=00010020 vaddr=3c030020 size=0da40h ( 55872) map[0m
[0;32mI (103) esp_image: segment 1: paddr=0001da68 vaddr=3fc92600 size=025b0h (  9648) load[0m
[0;32mI (106) esp_image: segment 2: paddr=00020020 vaddr=42000020 size=29d20h (171296) map[0m
[0;32mI (139) esp_image: segment 3: paddr=00049d48 vaddr=3fc94bb0 size=00598h (  1432) load[0m
[0;32mI (139) esp_image: segment 4: paddr=0004a2e8 vaddr=40374000 size=0e570h ( 58736) load[0m
[0;32mI (155) esp_image: segment 5: paddr=00058860 vaddr=600fe100 size=0001ch (    28) load[0m
[0;32mI (161) boot: Loaded app from partition at offset 0x10000[0m
[0;32mI (161) boot: Disabling RNG early entropy source...[0m
[0;32mI (173) cpu_start: Multicore app[0m
[0;32mI (182) cpu_start: Pro cpu start user code[0m
[0;32mI (182) cpu_start: cpu freq: 160000000 Hz[0m
[0;32mI (182) app_init: Application information:[0m
[0;32mI (182) app_init: Project name:     005_sd_mmc[0m
[0;32mI (186) app_init: App version:      d8ceff3-dirty[0m
[0;32mI (191) app_init: Compile time:     May 21 2025 07:02:00[0m
[0;32mI (196) app_init: ELF file SHA256:  3c7785886...[0m
[0;32mI (200) app_init: ESP-IDF:          v5.4.1-dirty[0m
[0;32mI (204) efuse_init: Min chip rev:     v0.0[0m
[0;32mI (208) efuse_init: Max chip rev:     v0.99 [0m
[0;32mI (212) efuse_init: Chip rev:         v0.2[0m
[0;32mI (216) heap_init: Initializing. RAM available for dynamic allocation:[0m
[0;32mI (222) heap_init: At 3FC95AA0 len 00053C70 (335 KiB): RAM[0m
[0;32mI (227) heap_init: At 3FCE9710 len 00005724 (21 KiB): RAM[0m
[0;32mI (233) heap_init: At 3FCF0000 len 00008000 (32 KiB): DRAM[0m
[0;32mI (238) heap_init: At 600FE11C len 00001ECC (7 KiB): RTCRAM[0m
[0;32mI (244) spi_flash: detected chip: generic[0m
[0;32mI (247) spi_flash: flash io: dio[0m
[0;33mW (250) spi_flash: Detected size(16384k) larger than the size in the binary image header(2048k). Using the size in the binary image header.[0m
[0;32mI (262) sleep_gpio: Configure to isolate all GPIO pins in sleep state[0m
[0;32mI (268) sleep_gpio: Enable automatic switching of GPIO sleep configuration[0m
[0;32mI (275) main_task: Started on CPU0[0m
[0;32mI (295) main_task: Calling app_main()[0m
[0;32mI (295) SD_MMC: Initializing SD card[0m
[0;32mI (295) SD_MMC: Using SDMMC peripheral[0m
[0;32mI (295) SD_MMC: Mounting filesystem[0m
Guru Meditation Error: Core  0 panic'ed (LoadProhibited). Exception was unhandled.

Core  0 register dump:
PC      : 0x42003eae  PS      : 0x00060f33  A0      : 0x82003fbd  A1      : 0x3fc97900  
A2      : 0x3fc97510  A3      : 0x00000000  A4      : 0x0000000c  A5      : 0x3fc9792c  
A6      : 0x3c035554  A7      : 0x00000000  A8      : 0xffffffd2  A9      : 0xa5a5a5a5  
A10     : 0x0000001e  A11     : 0x00000008  A12     : 0x00000804  A13     : 0x00000080  
A14     : 0x00000000  A15     : 0x3fc96190  SAR     : 0x00000019  EXCCAUSE: 0x0000001c  
EXCVADDR: 0xa5a5a5a5  LBEG    : 0x400570e8  LEND    : 0x400570f3  LCOUNT  : 0xffffffff  


Backtrace: 0x42003eab:0x3fc97900 0x42003fba:0x3fc97920 0x420041dc:0x3fc97970 0x4200441d:0x3fc979c0 0x42015ace:0x3fc979f0 0x4200a5a3:0x3fc97a20 0x4200a189:0x3fc97a60 0x4200a237:0x3fc97b30 0x4200a057:0x3fc98360 0x420295fb:0x3fc98380 0x4037a6cd:0x3fc983b0




ELF file SHA256: 3c7785886

Rebooting...
ESP-ROM:esp32s3-20210327
Build:Mar 27 2021
rst:0xc (RTC_SW_CPU_RST),boot:0x8 (SPI_FAST_FLASH_BOOT)
Saved PC:0x403759b4
SPIWP:0xee
mode:DIO, clock div:1
load:0x3fce2810,len:0x15a0
load:0x403c8700,len:0x4
load:0x403c8704,len:0xd20
load:0x403cb700,len:0x2f00
entry 0x403c8928
[0;32mI (31) boot: ESP-IDF v5.4.1-dirty 2nd stage bootloader[0m
[0;32mI (31) boot: compile time May 21 2025 07:02:07[0m
[0;32mI (31) boot: Multicore bootloader[0m
[0;32mI (32) boot: chip revision: v0.2[0m
[0;32mI (35) boot: efuse block revision: v1.3[0m
[0;32mI (38) boot.esp32s3: Boot SPI Speed : 80MHz[0m
[0;32mI (42) boot.esp32s3: SPI Mode       : DIO[0m
[0;32mI (46) boot.esp32s3: SPI Flash Size : 2MB[0m
[0;32mI (50) boot: Enabling RNG early entropy source...[0m
[0;32mI (54) boot: Partition Table:[0m
[0;32mI (57) boot: ## Label            Usage          Type ST Offset   Length[0m
[0;32mI (63) boot:  0 nvs              WiFi data        01 02 00009000 00006000[0m
[0;32mI (70) boot:  1 phy_init         RF data          01 01 0000f000 00001000[0m
[0;32mI (76) boot:  2 factory          factory app      00 00 00010000 00100000[0m
[0;32mI (83) boot: End of partition table[0m
[0;32mI (86) esp_image: segment 0: paddr=00010020 vaddr=3c030020 size=0da40h ( 55872) map[0m
[0;32mI (103) esp_image: segment 1: paddr=0001da68 vaddr=3fc92600 size=025b0h (  9648) load[0m
[0;32mI (106) esp_image: segment 2: paddr=00020020 vaddr=42000020 size=29d20h (171296) map[0m
[0;32mI (139) esp_image: segment 3: paddr=00049d48 vaddr=3fc94bb0 size=00598h (  1432) load[0m
[0;32mI (139) esp_image: segment 4: paddr=0004a2e8 vaddr=40374000 size=0e570h ( 58736) load[0m
[0;32mI (155) esp_image: segment 5: paddr=00058860 vaddr=600fe100 size=0001ch (    28) load[0m
[0;32mI (161) boot: Loaded app from partition at offset 0x10000[0m
[0;32mI (161) boot: Disabling RNG early entropy source...[0m
[0;32mI (173) cpu_start: Multicore app[0m
[0;32mI (182) cpu_start: Pro cpu start user code[0m
[0;32mI (182) cpu_start: cpu freq: 160000000 Hz[0m
[0;32mI (182) app_init: Application information:[0m
[0;32mI (182) app_init: Project name:     005_sd_mmc[0m
[0;32mI (186) app_init: App version:      d8ceff3-dirty[0m
[0;32mI (191) app_init: Compile time:     May 21 2025 07:02:00[0m
[0;32mI (196) app_init: ELF file SHA256:  3c7785886...[0m
[0;32mI (200) app_init: ESP-IDF:          v5.4.1-dirty[0m
[0;32mI (204) efuse_init: Min chip rev:     v0.0[0m
[0;32mI (208) efuse_init: Max chip rev:     v0.99 [0m
[0;32mI (212) efuse_init: Chip rev:         v0.2[0m
[0;32mI (216) heap_init: Initializing. RAM available for dynamic allocation:[0m
[0;32mI (222) heap_init: At 3FC95AA0 len 00053C70 (335 KiB): RAM[0m
[0;32mI (227) heap_init: At 3FCE9710 len 00005724 (21 KiB): RAM[0m
[0;32mI (233) heap_init: At 3FCF0000 len 00008000 (32 KiB): DRAM[0m
[0;32mI (238) heap_init: At 600FE11C len 00001ECC (7 KiB): RTCRAM[0m
[0;32mI (244) spi_flash: detected chip: generic[0m
[0;32mI (247) spi_flash: flash io: dio[0m
[0;33mW (250) spi_flash: Detected size(16384k) larger than the size in the binary image header(2048k). Using the size in the binary image header.[0m
[0;32mI (262) sleep_gpio: Configure to isolate all GPIO pins in sleep state[0m
[0;32mI (268) sleep_gpio: Enable automatic switching of GPIO sleep configuration[0m
[0;32mI (275) main_task: Started on CPU0[0m
[0;32mI (295) main_task: Calling app_main()[0m
[0;32mI (295) SD_MMC: Initializing SD card[0m
[0;32mI (295) SD_MMC: Using SDMMC peripheral[0m
[0;32mI (295) SD_MMC: Mounting filesystem[0m
Guru Meditation Error: Core  0 panic'ed (LoadProhibited). Exception was unhandled.

Core  0 register dump:
PC      : 0x42003eae  PS      : 0x00060f33  A0      : 0x82003fbd  A1      : 0x3fc97900  
A2      : 0x3fc97510  A3      : 0x00000000  A4      : 0x0000000c  A5      : 0x3fc9792c  
A6      : 0x3c035554  A7      : 0x00000000  A8      : 0xffffffd2  A9      : 0xa5a5a5a5  
A10     : 0x0000001e  A11     : 0x00000008  A12     : 0x00000804  A13     : 0x00000080  
A14     : 0x00000000  A15     : 0x3fc96190  SAR     : 0x00000019  EXCCAUSE: 0x0000001c  
EXCVADDR: 0xa5a5a5a5  LBEG    : 0x400570e8  LEND    : 0x400570f3  LCOUNT  : 0xffffffff  


Backtrace: 0x42003eab:0x3fc97900 0x42003fba:0x3fc97920 0x420041dc:0x3fc97970 0x4200441d:0x3fc979c0 0x42015ace:0x3fc979f0 0x4200a5a3:0x3fc97a20 0x4200a189:0x3fc97a60 0x4200a237:0x3fc97b30 0x4200a057:0x3fc98360 0x420295fb:0x3fc98380 0x4037a6cd:0x3fc983b0




ELF file SHA256: 3c7785886

Rebooting...
ESP-ROM:esp32s3-20210327
Build:Mar 27 2021
rst:0xc (RTC_SW_CPU_RST),boot:0x8 (SPI_FAST_FLASH_BOOT)
Saved PC:0x403759b4
SPIWP:0xee
mode:DIO, clock div:1
load:0x3fce2810,len:0x15a0
load:0x403c8700,len:0x4
load:0x403c8704,len:0xd20
load:0x403cb700,len:0x2f00
entry 0x403c8928
[0;32mI (31) boot: ESP-IDF v5.4.1-dirty 2nd stage bootloader[0m
[0;32mI (31) boot: compile time May 21 2025 07:02:07[0m
[0;32mI (31) boot: Multicore bootloader[0m
[0;32mI (32) boot: chip revision: v0.2[0m
[0;32mI (35) boot: efuse block revision: v1.3[0m
[0;32mI (38) boot.esp32s3: Boot SPI Speed : 80MHz[0m
[0;32mI (42) boot.esp32s3: SPI Mode       : DIO[0m
[0;32mI (46) boot.esp32s3: SPI Flash Size : 2MB[0m
[0;32mI (50) boot: Enabling RNG early entropy source...[0m
[0;32mI (54) boot: Partition Table:[0m
[0;32mI (57) boot: ## Label            Usage          Type ST Offset   Length[0m
[0;32mI (63) boot:  0 nvs              WiFi data        01 02 00009000 00006000[0m
[0;32mI (70) boot:  1 phy_init         RF data          01 01 0000f000 00001000[0m
[0;32mI (76) boot:  2 factory          factory app      00 00 00010000 00100000[0m
[0;32mI (83) boot: End of partition table[0m
[0;32mI (86) esp_image: segment 0: paddr=00010020 vaddr=3c030020 size=0da40h ( 55872) map[0m
[0;32mI (103) esp_image: segment 1: paddr=0001da68 vaddr=3fc92600 size=025b0h (  9648) load[0m
[0;32mI (106) esp_image: segment 2: paddr=00020020 vaddr=42000020 size=29d20h (171296) map[0m
[0;32mI (139) esp_image: segment 3: paddr=00049d48 vaddr=3fc94bb0 size=00598h (  1432) load[0m
[0;32mI (139) esp_image: segment 4: paddr=0004a2e8 vaddr=40374000 size=0e570h ( 58736) load[0m
[0;32mI (155) esp_image: segment 5: paddr=00058860 vaddr=600fe100 size=0001ch (    28) load[0m
[0;32mI (161) boot: Loaded app from partition at offset 0x10000[0m
[0;32mI (161) boot: Disabling RNG early entropy source...[0m
[0;32mI (173) cpu_start: Multicore app[0m
[0;32mI (182) cpu_start: Pro cpu start user code[0m
[0;32mI (182) cpu_start: cpu freq: 160000000 Hz[0m
[0;32mI (182) app_init: Application information:[0m
[0;32mI (182) app_init: Project name:     005_sd_mmc[0m
[0;32mI (186) app_init: App version:      d8ceff3-dirty[0m
[0;32mI (191) app_init: Compile time:     May 21 2025 07:02:00[0m
[0;32mI (196) app_init: ELF file SHA256:  3c7785886...[0m
[0;32mI (200) app_init: ESP-IDF:          v5.4.1-dirty[0m
[0;32mI (204)